<?xml version="1.0"?>
<link_info>
   <banner>TMS320C55x Linker PC v4.4.1</banner>
   <copyright>Copyright (c) 1996-2012 Texas Instruments Incorporated</copyright>
   <link_time>0x5df82e1e</link_time>
   <output_file>EcualizaFIR.out</output_file>
   <entry_point>
      <name>_c_int00</name>
      <address>0x2696c</address>
   </entry_point>
   <input_file_list>
      <input_file id="fl-2">
         <path>.\</path>
         <kind>object</kind>
         <file>Auriculares.obj</file>
         <name>Auriculares.obj</name>
      </input_file>
      <input_file id="fl-3">
         <path>.\</path>
         <kind>object</kind>
         <file>BassBoost.obj</file>
         <name>BassBoost.obj</name>
      </input_file>
      <input_file id="fl-4">
         <path>.\</path>
         <kind>object</kind>
         <file>BassTreble.obj</file>
         <name>BassTreble.obj</name>
      </input_file>
      <input_file id="fl-5">
         <path>.\</path>
         <kind>object</kind>
         <file>Clasica.obj</file>
         <name>Clasica.obj</name>
      </input_file>
      <input_file id="fl-6">
         <path>.\</path>
         <kind>object</kind>
         <file>Dance.obj</file>
         <name>Dance.obj</name>
      </input_file>
      <input_file id="fl-7">
         <path>.\</path>
         <kind>object</kind>
         <file>Llano.obj</file>
         <name>Llano.obj</name>
      </input_file>
      <input_file id="fl-8">
         <path>.\</path>
         <kind>object</kind>
         <file>PLL.obj</file>
         <name>PLL.obj</name>
      </input_file>
      <input_file id="fl-9">
         <path>.\</path>
         <kind>object</kind>
         <file>Pop.obj</file>
         <name>Pop.obj</name>
      </input_file>
      <input_file id="fl-a">
         <path>.\</path>
         <kind>object</kind>
         <file>Rock.obj</file>
         <name>Rock.obj</name>
      </input_file>
      <input_file id="fl-b">
         <path>.\</path>
         <kind>object</kind>
         <file>Techno.obj</file>
         <name>Techno.obj</name>
      </input_file>
      <input_file id="fl-c">
         <path>.\</path>
         <kind>object</kind>
         <file>Treble.obj</file>
         <name>Treble.obj</name>
      </input_file>
      <input_file id="fl-d">
         <path>.\</path>
         <kind>object</kind>
         <file>Vivo.obj</file>
         <name>Vivo.obj</name>
      </input_file>
      <input_file id="fl-e">
         <path>.\</path>
         <kind>object</kind>
         <file>aic3204.obj</file>
         <name>aic3204.obj</name>
      </input_file>
      <input_file id="fl-f">
         <path>.\</path>
         <kind>object</kind>
         <file>aic3204_init.obj</file>
         <name>aic3204_init.obj</name>
      </input_file>
      <input_file id="fl-10">
         <path>.\</path>
         <kind>object</kind>
         <file>bargraph5515.obj</file>
         <name>bargraph5515.obj</name>
      </input_file>
      <input_file id="fl-11">
         <path>.\</path>
         <kind>object</kind>
         <file>main.obj</file>
         <name>main.obj</name>
      </input_file>
      <input_file id="fl-12">
         <path>.\</path>
         <kind>object</kind>
         <file>oled5515.obj</file>
         <name>oled5515.obj</name>
      </input_file>
      <input_file id="fl-13">
         <path>.\</path>
         <kind>object</kind>
         <file>pushbuttons5515.obj</file>
         <name>pushbuttons5515.obj</name>
      </input_file>
      <input_file id="fl-14">
         <path>.\</path>
         <kind>object</kind>
         <file>stereo.obj</file>
         <name>stereo.obj</name>
      </input_file>
      <input_file id="fl-15">
         <path>.\</path>
         <kind>object</kind>
         <file>usbstk5505.obj</file>
         <name>usbstk5505.obj</name>
      </input_file>
      <input_file id="fl-16">
         <path>.\</path>
         <kind>object</kind>
         <file>usbstk5505_gpio.obj</file>
         <name>usbstk5505_gpio.obj</name>
      </input_file>
      <input_file id="fl-17">
         <path>.\</path>
         <kind>object</kind>
         <file>usbstk5505_i2c.obj</file>
         <name>usbstk5505_i2c.obj</name>
      </input_file>
      <input_file id="fl-18">
         <path>.\</path>
         <kind>object</kind>
         <file>usbstk5505_led.obj</file>
         <name>usbstk5505_led.obj</name>
      </input_file>
      <input_file id="fl-19">
         <path>.\</path>
         <kind>object</kind>
         <file>usbstk5515.obj</file>
         <name>usbstk5515.obj</name>
      </input_file>
      <input_file id="fl-1a">
         <path>.\</path>
         <kind>object</kind>
         <file>usbstk5515_gpio.obj</file>
         <name>usbstk5515_gpio.obj</name>
      </input_file>
      <input_file id="fl-1b">
         <path>.\</path>
         <kind>object</kind>
         <file>usbstk5515_i2c.obj</file>
         <name>usbstk5515_i2c.obj</name>
      </input_file>
      <input_file id="fl-1c">
         <path>.\</path>
         <kind>object</kind>
         <file>usbstk5515_led.obj</file>
         <name>usbstk5515_led.obj</name>
      </input_file>
      <input_file id="fl-22">
         <path>..\</path>
         <kind>archive</kind>
         <file>55xdsph.lib</file>
         <name>fir.obj</name>
      </input_file>
      <input_file id="fl-23">
         <path>..\</path>
         <kind>archive</kind>
         <file>CSLc55x5h.lib</file>
         <name>csl_pll.obj</name>
      </input_file>
      <input_file id="fl-37">
         <path>C:\ti\ccsv6\tools\compiler\c5500_4.4.1\lib\</path>
         <kind>archive</kind>
         <file>rts55h.lib</file>
         <name>boot.obj</name>
      </input_file>
      <input_file id="fl-38">
         <path>C:\ti\ccsv6\tools\compiler\c5500_4.4.1\lib\</path>
         <kind>archive</kind>
         <file>rts55h.lib</file>
         <name>exit.obj</name>
      </input_file>
      <input_file id="fl-39">
         <path>C:\ti\ccsv6\tools\compiler\c5500_4.4.1\lib\</path>
         <kind>archive</kind>
         <file>rts55h.lib</file>
         <name>printf.obj</name>
      </input_file>
      <input_file id="fl-3a">
         <path>C:\ti\ccsv6\tools\compiler\c5500_4.4.1\lib\</path>
         <kind>archive</kind>
         <file>rts55h.lib</file>
         <name>vectors.obj</name>
      </input_file>
      <input_file id="fl-3b">
         <path>C:\ti\ccsv6\tools\compiler\c5500_4.4.1\lib\</path>
         <kind>archive</kind>
         <file>rts55h.lib</file>
         <name>_lock.obj</name>
      </input_file>
      <input_file id="fl-3c">
         <path>C:\ti\ccsv6\tools\compiler\c5500_4.4.1\lib\</path>
         <kind>archive</kind>
         <file>rts55h.lib</file>
         <name>_printfi.obj</name>
      </input_file>
      <input_file id="fl-3d">
         <path>C:\ti\ccsv6\tools\compiler\c5500_4.4.1\lib\</path>
         <kind>archive</kind>
         <file>rts55h.lib</file>
         <name>args_main.obj</name>
      </input_file>
      <input_file id="fl-3e">
         <path>C:\ti\ccsv6\tools\compiler\c5500_4.4.1\lib\</path>
         <kind>archive</kind>
         <file>rts55h.lib</file>
         <name>atoi.obj</name>
      </input_file>
      <input_file id="fl-3f">
         <path>C:\ti\ccsv6\tools\compiler\c5500_4.4.1\lib\</path>
         <kind>archive</kind>
         <file>rts55h.lib</file>
         <name>autoinit.obj</name>
      </input_file>
      <input_file id="fl-40">
         <path>C:\ti\ccsv6\tools\compiler\c5500_4.4.1\lib\</path>
         <kind>archive</kind>
         <file>rts55h.lib</file>
         <name>cmpd.obj</name>
      </input_file>
      <input_file id="fl-41">
         <path>C:\ti\ccsv6\tools\compiler\c5500_4.4.1\lib\</path>
         <kind>archive</kind>
         <file>rts55h.lib</file>
         <name>ctype.obj</name>
      </input_file>
      <input_file id="fl-42">
         <path>C:\ti\ccsv6\tools\compiler\c5500_4.4.1\lib\</path>
         <kind>archive</kind>
         <file>rts55h.lib</file>
         <name>defs.obj</name>
      </input_file>
      <input_file id="fl-43">
         <path>C:\ti\ccsv6\tools\compiler\c5500_4.4.1\lib\</path>
         <kind>archive</kind>
         <file>rts55h.lib</file>
         <name>divd.obj</name>
      </input_file>
      <input_file id="fl-44">
         <path>C:\ti\ccsv6\tools\compiler\c5500_4.4.1\lib\</path>
         <kind>archive</kind>
         <file>rts55h.lib</file>
         <name>divul.obj</name>
      </input_file>
      <input_file id="fl-45">
         <path>C:\ti\ccsv6\tools\compiler\c5500_4.4.1\lib\</path>
         <kind>archive</kind>
         <file>rts55h.lib</file>
         <name>fixdi.obj</name>
      </input_file>
      <input_file id="fl-46">
         <path>C:\ti\ccsv6\tools\compiler\c5500_4.4.1\lib\</path>
         <kind>archive</kind>
         <file>rts55h.lib</file>
         <name>fixdli.obj</name>
      </input_file>
      <input_file id="fl-47">
         <path>C:\ti\ccsv6\tools\compiler\c5500_4.4.1\lib\</path>
         <kind>archive</kind>
         <file>rts55h.lib</file>
         <name>fltlid.obj</name>
      </input_file>
      <input_file id="fl-48">
         <path>C:\ti\ccsv6\tools\compiler\c5500_4.4.1\lib\</path>
         <kind>archive</kind>
         <file>rts55h.lib</file>
         <name>fputc.obj</name>
      </input_file>
      <input_file id="fl-49">
         <path>C:\ti\ccsv6\tools\compiler\c5500_4.4.1\lib\</path>
         <kind>archive</kind>
         <file>rts55h.lib</file>
         <name>fputs.obj</name>
      </input_file>
      <input_file id="fl-4a">
         <path>C:\ti\ccsv6\tools\compiler\c5500_4.4.1\lib\</path>
         <kind>archive</kind>
         <file>rts55h.lib</file>
         <name>frcmpyd_div.obj</name>
      </input_file>
      <input_file id="fl-4b">
         <path>C:\ti\ccsv6\tools\compiler\c5500_4.4.1\lib\</path>
         <kind>archive</kind>
         <file>rts55h.lib</file>
         <name>isinf.obj</name>
      </input_file>
      <input_file id="fl-4c">
         <path>C:\ti\ccsv6\tools\compiler\c5500_4.4.1\lib\</path>
         <kind>archive</kind>
         <file>rts55h.lib</file>
         <name>llmpy.obj</name>
      </input_file>
      <input_file id="fl-4d">
         <path>C:\ti\ccsv6\tools\compiler\c5500_4.4.1\lib\</path>
         <kind>archive</kind>
         <file>rts55h.lib</file>
         <name>lmpy.obj</name>
      </input_file>
      <input_file id="fl-4e">
         <path>C:\ti\ccsv6\tools\compiler\c5500_4.4.1\lib\</path>
         <kind>archive</kind>
         <file>rts55h.lib</file>
         <name>lowlev.obj</name>
      </input_file>
      <input_file id="fl-4f">
         <path>C:\ti\ccsv6\tools\compiler\c5500_4.4.1\lib\</path>
         <kind>archive</kind>
         <file>rts55h.lib</file>
         <name>ltoa.obj</name>
      </input_file>
      <input_file id="fl-50">
         <path>C:\ti\ccsv6\tools\compiler\c5500_4.4.1\lib\</path>
         <kind>archive</kind>
         <file>rts55h.lib</file>
         <name>memccpy.obj</name>
      </input_file>
      <input_file id="fl-51">
         <path>C:\ti\ccsv6\tools\compiler\c5500_4.4.1\lib\</path>
         <kind>archive</kind>
         <file>rts55h.lib</file>
         <name>memcpy.obj</name>
      </input_file>
      <input_file id="fl-52">
         <path>C:\ti\ccsv6\tools\compiler\c5500_4.4.1\lib\</path>
         <kind>archive</kind>
         <file>rts55h.lib</file>
         <name>mpyd.obj</name>
      </input_file>
      <input_file id="fl-53">
         <path>C:\ti\ccsv6\tools\compiler\c5500_4.4.1\lib\</path>
         <kind>archive</kind>
         <file>rts55h.lib</file>
         <name>negd.obj</name>
      </input_file>
      <input_file id="fl-54">
         <path>C:\ti\ccsv6\tools\compiler\c5500_4.4.1\lib\</path>
         <kind>archive</kind>
         <file>rts55h.lib</file>
         <name>remli.obj</name>
      </input_file>
      <input_file id="fl-55">
         <path>C:\ti\ccsv6\tools\compiler\c5500_4.4.1\lib\</path>
         <kind>archive</kind>
         <file>rts55h.lib</file>
         <name>remul.obj</name>
      </input_file>
      <input_file id="fl-56">
         <path>C:\ti\ccsv6\tools\compiler\c5500_4.4.1\lib\</path>
         <kind>archive</kind>
         <file>rts55h.lib</file>
         <name>subd.obj</name>
      </input_file>
      <input_file id="fl-57">
         <path>C:\ti\ccsv6\tools\compiler\c5500_4.4.1\lib\</path>
         <kind>archive</kind>
         <file>rts55h.lib</file>
         <name>trgdrv.obj</name>
      </input_file>
      <input_file id="fl-58">
         <path>C:\ti\ccsv6\tools\compiler\c5500_4.4.1\lib\</path>
         <kind>archive</kind>
         <file>rts55h.lib</file>
         <name>trgmsg.obj</name>
      </input_file>
      <input_file id="fl-59">
         <path>C:\ti\ccsv6\tools\compiler\c5500_4.4.1\lib\</path>
         <kind>archive</kind>
         <file>rts55h.lib</file>
         <name>udiv.obj</name>
      </input_file>
      <input_file id="fl-5a">
         <path>C:\ti\ccsv6\tools\compiler\c5500_4.4.1\lib\</path>
         <kind>archive</kind>
         <file>rts55h.lib</file>
         <name>_io_perm.obj</name>
      </input_file>
      <input_file id="fl-5b">
         <path>C:\ti\ccsv6\tools\compiler\c5500_4.4.1\lib\</path>
         <kind>archive</kind>
         <file>rts55h.lib</file>
         <name>addd.obj</name>
      </input_file>
      <input_file id="fl-5c">
         <path>C:\ti\ccsv6\tools\compiler\c5500_4.4.1\lib\</path>
         <kind>archive</kind>
         <file>rts55h.lib</file>
         <name>divli.obj</name>
      </input_file>
      <input_file id="fl-5d">
         <path>C:\ti\ccsv6\tools\compiler\c5500_4.4.1\lib\</path>
         <kind>archive</kind>
         <file>rts55h.lib</file>
         <name>fflush.obj</name>
      </input_file>
      <input_file id="fl-5e">
         <path>C:\ti\ccsv6\tools\compiler\c5500_4.4.1\lib\</path>
         <kind>archive</kind>
         <file>rts55h.lib</file>
         <name>frcmpyd.obj</name>
      </input_file>
      <input_file id="fl-5f">
         <path>C:\ti\ccsv6\tools\compiler\c5500_4.4.1\lib\</path>
         <kind>archive</kind>
         <file>rts55h.lib</file>
         <name>fseek.obj</name>
      </input_file>
      <input_file id="fl-60">
         <path>C:\ti\ccsv6\tools\compiler\c5500_4.4.1\lib\</path>
         <kind>archive</kind>
         <file>rts55h.lib</file>
         <name>setvbuf.obj</name>
      </input_file>
      <input_file id="fl-61">
         <path>C:\ti\ccsv6\tools\compiler\c5500_4.4.1\lib\</path>
         <kind>archive</kind>
         <file>rts55h.lib</file>
         <name>fopen.obj</name>
      </input_file>
      <input_file id="fl-62">
         <path>C:\ti\ccsv6\tools\compiler\c5500_4.4.1\lib\</path>
         <kind>archive</kind>
         <file>rts55h.lib</file>
         <name>memory.obj</name>
      </input_file>
      <input_file id="fl-63">
         <path>C:\ti\ccsv6\tools\compiler\c5500_4.4.1\lib\</path>
         <kind>archive</kind>
         <file>rts55h.lib</file>
         <name>fclose.obj</name>
      </input_file>
      <input_file id="fl-64">
         <path>C:\ti\ccsv6\tools\compiler\c5500_4.4.1\lib\</path>
         <kind>archive</kind>
         <file>rts55h.lib</file>
         <name>remove.obj</name>
      </input_file>
   </input_file_list>
   <object_component_list>
      <object_component id="oc-aa">
         <name>.text</name>
         <load_address>0x20000</load_address>
         <run_address>0x20000</run_address>
         <size>0x1533</size>
         <input_file_ref idref="fl-3c"/>
      </object_component>
      <object_component id="oc-41">
         <name>.text</name>
         <load_address>0x21533</load_address>
         <run_address>0x21533</run_address>
         <size>0x89b</size>
         <input_file_ref idref="fl-11"/>
      </object_component>
      <object_component id="oc-49">
         <name>.text</name>
         <load_address>0x21dce</load_address>
         <run_address>0x21dce</run_address>
         <size>0x850</size>
         <input_file_ref idref="fl-12"/>
      </object_component>
      <object_component id="oc-11a">
         <name>.text</name>
         <load_address>0x2261e</load_address>
         <run_address>0x2261e</run_address>
         <size>0x538</size>
         <input_file_ref idref="fl-57"/>
      </object_component>
      <object_component id="oc-14b">
         <name>.text</name>
         <load_address>0x22b56</load_address>
         <run_address>0x22b56</run_address>
         <size>0x533</size>
         <input_file_ref idref="fl-62"/>
      </object_component>
      <object_component id="oc-36">
         <name>.text</name>
         <load_address>0x23089</load_address>
         <run_address>0x23089</run_address>
         <size>0x522</size>
         <input_file_ref idref="fl-f"/>
      </object_component>
      <object_component id="oc-f4">
         <name>.text</name>
         <load_address>0x235ab</load_address>
         <run_address>0x235ab</run_address>
         <size>0x518</size>
         <input_file_ref idref="fl-4e"/>
      </object_component>
      <object_component id="oc-c6">
         <name>.text</name>
         <load_address>0x23ac3</load_address>
         <run_address>0x23ac3</run_address>
         <size>0x3c7</size>
         <input_file_ref idref="fl-43"/>
      </object_component>
      <object_component id="oc-1e">
         <name>.text</name>
         <load_address>0x23e8a</load_address>
         <run_address>0x23e8a</run_address>
         <size>0x340</size>
         <input_file_ref idref="fl-8"/>
      </object_component>
      <object_component id="oc-50">
         <name>.text</name>
         <load_address>0x241ca</load_address>
         <run_address>0x241ca</run_address>
         <size>0x2b6</size>
         <input_file_ref idref="fl-13"/>
      </object_component>
      <object_component id="oc-8c">
         <name>.text</name>
         <load_address>0x24480</load_address>
         <run_address>0x24480</run_address>
         <size>0x2ad</size>
         <input_file_ref idref="fl-23"/>
      </object_component>
      <object_component id="oc-145">
         <name>.text</name>
         <load_address>0x2472d</load_address>
         <run_address>0x2472d</run_address>
         <size>0x26c</size>
         <input_file_ref idref="fl-61"/>
      </object_component>
      <object_component id="oc-3c">
         <name>.text</name>
         <load_address>0x24999</load_address>
         <run_address>0x24999</run_address>
         <size>0x25c</size>
         <input_file_ref idref="fl-10"/>
      </object_component>
      <object_component id="oc-ec">
         <name>.text</name>
         <load_address>0x24bf5</load_address>
         <run_address>0x24bf5</run_address>
         <size>0x25c</size>
         <input_file_ref idref="fl-4c"/>
      </object_component>
      <object_component id="oc-12d">
         <name>.text</name>
         <load_address>0x24e51</load_address>
         <run_address>0x24e51</run_address>
         <size>0x257</size>
         <input_file_ref idref="fl-5b"/>
      </object_component>
      <object_component id="oc-bc">
         <name>.text</name>
         <load_address>0x250a8</load_address>
         <run_address>0x250a8</run_address>
         <size>0x1ea</size>
         <input_file_ref idref="fl-40"/>
      </object_component>
      <object_component id="oc-83">
         <name>.text</name>
         <load_address>0x25292</load_address>
         <run_address>0x25292</run_address>
         <size>0x1c9</size>
         <input_file_ref idref="fl-1c"/>
      </object_component>
      <object_component id="oc-df">
         <name>.text</name>
         <load_address>0x2545b</load_address>
         <run_address>0x2545b</run_address>
         <size>0x17b</size>
         <input_file_ref idref="fl-49"/>
      </object_component>
      <object_component id="oc-61">
         <name>.text</name>
         <load_address>0x255d6</load_address>
         <run_address>0x255d6</run_address>
         <size>0x164</size>
         <input_file_ref idref="fl-16"/>
      </object_component>
      <object_component id="oc-77">
         <name>.text</name>
         <load_address>0x2573a</load_address>
         <run_address>0x2573a</run_address>
         <size>0x156</size>
         <input_file_ref idref="fl-1a"/>
      </object_component>
      <object_component id="oc-106">
         <name>.text</name>
         <load_address>0x25890</load_address>
         <run_address>0x25890</run_address>
         <size>0x14b</size>
         <input_file_ref idref="fl-52"/>
      </object_component>
      <object_component id="oc-7c">
         <name>.text</name>
         <load_address>0x259db</load_address>
         <run_address>0x259db</run_address>
         <size>0x13e</size>
         <input_file_ref idref="fl-1b"/>
      </object_component>
      <object_component id="oc-30">
         <name>.text</name>
         <load_address>0x25b19</load_address>
         <run_address>0x25b19</run_address>
         <size>0x13b</size>
         <input_file_ref idref="fl-e"/>
      </object_component>
      <object_component id="oc-66">
         <name>.text</name>
         <load_address>0x25c54</load_address>
         <run_address>0x25c54</run_address>
         <size>0x12a</size>
         <input_file_ref idref="fl-17"/>
      </object_component>
      <object_component id="oc-141">
         <name>.text</name>
         <load_address>0x25d7e</load_address>
         <run_address>0x25d7e</run_address>
         <size>0xf3</size>
         <input_file_ref idref="fl-60"/>
      </object_component>
      <object_component id="oc-129">
         <name>.text</name>
         <load_address>0x25e71</load_address>
         <run_address>0x25e71</run_address>
         <size>0xda</size>
         <input_file_ref idref="fl-5a"/>
      </object_component>
      <object_component id="oc-122">
         <name>.text:CIO_breakpoint</name>
         <load_address>0x25f4b</load_address>
         <run_address>0x25f4b</run_address>
         <size>0xbe</size>
         <input_file_ref idref="fl-58"/>
      </object_component>
      <object_component id="oc-135">
         <name>.text</name>
         <load_address>0x26009</load_address>
         <run_address>0x26009</run_address>
         <size>0xba</size>
         <input_file_ref idref="fl-5d"/>
      </object_component>
      <object_component id="oc-db">
         <name>.text</name>
         <load_address>0x260c3</load_address>
         <run_address>0x260c3</run_address>
         <size>0xa2</size>
         <input_file_ref idref="fl-48"/>
      </object_component>
      <object_component id="oc-ca">
         <name>.text</name>
         <load_address>0x26165</load_address>
         <run_address>0x26165</run_address>
         <size>0xa0</size>
         <input_file_ref idref="fl-44"/>
      </object_component>
      <object_component id="oc-fa">
         <name>.text</name>
         <load_address>0x26205</load_address>
         <run_address>0x26205</run_address>
         <size>0x79</size>
         <input_file_ref idref="fl-4f"/>
      </object_component>
      <object_component id="oc-152">
         <name>.text</name>
         <load_address>0x2627e</load_address>
         <run_address>0x2627e</run_address>
         <size>0x76</size>
         <input_file_ref idref="fl-63"/>
      </object_component>
      <object_component id="oc-139">
         <name>.text</name>
         <load_address>0x262f4</load_address>
         <run_address>0x262f4</run_address>
         <size>0x76</size>
         <input_file_ref idref="fl-5e"/>
      </object_component>
      <object_component id="oc-e4">
         <name>.text</name>
         <load_address>0x2636a</load_address>
         <run_address>0x2636a</run_address>
         <size>0x73</size>
         <input_file_ref idref="fl-4a"/>
      </object_component>
      <object_component id="oc-112">
         <name>.text</name>
         <load_address>0x263dd</load_address>
         <run_address>0x263dd</run_address>
         <size>0x70</size>
         <input_file_ref idref="fl-55"/>
      </object_component>
      <object_component id="oc-d2">
         <name>.text</name>
         <load_address>0x2644d</load_address>
         <run_address>0x2644d</run_address>
         <size>0x6e</size>
         <input_file_ref idref="fl-46"/>
      </object_component>
      <object_component id="oc-88">
         <name>.text</name>
         <load_address>0x264bb</load_address>
         <run_address>0x264bb</run_address>
         <size>0x6b</size>
         <input_file_ref idref="fl-22"/>
      </object_component>
      <object_component id="oc-11f">
         <name>.text</name>
         <load_address>0x26526</load_address>
         <run_address>0x26526</run_address>
         <size>0x6b</size>
         <input_file_ref idref="fl-58"/>
      </object_component>
      <object_component id="oc-13d">
         <name>.text</name>
         <load_address>0x26591</load_address>
         <run_address>0x26591</run_address>
         <size>0x68</size>
         <input_file_ref idref="fl-5f"/>
      </object_component>
      <object_component id="oc-d6">
         <name>.text</name>
         <load_address>0x265f9</load_address>
         <run_address>0x265f9</run_address>
         <size>0x67</size>
         <input_file_ref idref="fl-47"/>
      </object_component>
      <object_component id="oc-b4">
         <name>.text</name>
         <load_address>0x26660</load_address>
         <run_address>0x26660</run_address>
         <size>0x59</size>
         <input_file_ref idref="fl-3e"/>
      </object_component>
      <object_component id="oc-102">
         <name>.text</name>
         <load_address>0x266b9</load_address>
         <run_address>0x266b9</run_address>
         <size>0x56</size>
         <input_file_ref idref="fl-51"/>
      </object_component>
      <object_component id="oc-5c">
         <name>.text</name>
         <load_address>0x2670f</load_address>
         <run_address>0x2670f</run_address>
         <size>0x54</size>
         <input_file_ref idref="fl-15"/>
      </object_component>
      <object_component id="oc-72">
         <name>.text</name>
         <load_address>0x26763</load_address>
         <run_address>0x26763</run_address>
         <size>0x54</size>
         <input_file_ref idref="fl-19"/>
      </object_component>
      <object_component id="oc-9c">
         <name>.text</name>
         <load_address>0x267b7</load_address>
         <run_address>0x267b7</run_address>
         <size>0x4e</size>
         <input_file_ref idref="fl-39"/>
      </object_component>
      <object_component id="oc-b8">
         <name>.text</name>
         <load_address>0x26805</load_address>
         <run_address>0x26805</run_address>
         <size>0x4d</size>
         <input_file_ref idref="fl-3f"/>
      </object_component>
      <object_component id="oc-10e">
         <name>.text</name>
         <load_address>0x26852</load_address>
         <run_address>0x26852</run_address>
         <size>0x4b</size>
         <input_file_ref idref="fl-54"/>
      </object_component>
      <object_component id="oc-b0">
         <name>.text</name>
         <load_address>0x2689d</load_address>
         <run_address>0x2689d</run_address>
         <size>0x49</size>
         <input_file_ref idref="fl-3d"/>
      </object_component>
      <object_component id="oc-131">
         <name>.text</name>
         <load_address>0x268e6</load_address>
         <run_address>0x268e6</run_address>
         <size>0x48</size>
         <input_file_ref idref="fl-5c"/>
      </object_component>
      <object_component id="oc-95">
         <name>.text</name>
         <load_address>0x2692e</load_address>
         <run_address>0x2692e</run_address>
         <size>0x3e</size>
         <input_file_ref idref="fl-38"/>
      </object_component>
      <object_component id="oc-10">
         <name>.text</name>
         <load_address>0x2696c</load_address>
         <run_address>0x2696c</run_address>
         <size>0x34</size>
         <input_file_ref idref="fl-37"/>
      </object_component>
      <object_component id="oc-6d">
         <name>.text</name>
         <load_address>0x269a0</load_address>
         <run_address>0x269a0</run_address>
         <size>0x2d</size>
         <input_file_ref idref="fl-18"/>
      </object_component>
      <object_component id="oc-ce">
         <name>.text</name>
         <load_address>0x269cd</load_address>
         <run_address>0x269cd</run_address>
         <size>0x2a</size>
         <input_file_ref idref="fl-45"/>
      </object_component>
      <object_component id="oc-125">
         <name>.text</name>
         <load_address>0x269f7</load_address>
         <run_address>0x269f7</run_address>
         <size>0x2a</size>
         <input_file_ref idref="fl-59"/>
      </object_component>
      <object_component id="oc-fe">
         <name>.text</name>
         <load_address>0x26a21</load_address>
         <run_address>0x26a21</run_address>
         <size>0x22</size>
         <input_file_ref idref="fl-50"/>
      </object_component>
      <object_component id="oc-57">
         <name>.text</name>
         <load_address>0x26a43</load_address>
         <run_address>0x26a43</run_address>
         <size>0x1c</size>
         <input_file_ref idref="fl-14"/>
      </object_component>
      <object_component id="oc-e8">
         <name>.text</name>
         <load_address>0x26a5f</load_address>
         <run_address>0x26a5f</run_address>
         <size>0x1a</size>
         <input_file_ref idref="fl-4b"/>
      </object_component>
      <object_component id="oc-116">
         <name>.text</name>
         <load_address>0x26a79</load_address>
         <run_address>0x26a79</run_address>
         <size>0x14</size>
         <input_file_ref idref="fl-56"/>
      </object_component>
      <object_component id="oc-f0">
         <name>.text</name>
         <load_address>0x26a8d</load_address>
         <run_address>0x26a8d</run_address>
         <size>0x13</size>
         <input_file_ref idref="fl-4d"/>
      </object_component>
      <object_component id="oc-a4">
         <name>.text</name>
         <load_address>0x26aa0</load_address>
         <run_address>0x26aa0</run_address>
         <size>0x12</size>
         <input_file_ref idref="fl-3b"/>
      </object_component>
      <object_component id="oc-10a">
         <name>.text</name>
         <load_address>0x26ab2</load_address>
         <run_address>0x26ab2</run_address>
         <size>0x10</size>
         <input_file_ref idref="fl-53"/>
      </object_component>
      <object_component id="oc-156">
         <name>.text</name>
         <load_address>0x26ac2</load_address>
         <run_address>0x26ac2</run_address>
         <size>0xa</size>
         <input_file_ref idref="fl-64"/>
      </object_component>
      <object_component id="oc-99">
         <name>.text:CIO_breakpoint</name>
         <load_address>0x26acc</load_address>
         <run_address>0x26acc</run_address>
         <size>0x7</size>
         <input_file_ref idref="fl-38"/>
      </object_component>
      <object_component id="oc-a0">
         <name>.text</name>
         <load_address>0x26ad3</load_address>
         <run_address>0x26ad3</run_address>
         <size>0x2</size>
         <input_file_ref idref="fl-3a"/>
      </object_component>
      <object_component id="oc-91">
         <name>.stack</name>
         <uninitialized>true</uninitialized>
         <run_address>0xc0</run_address>
         <size>0x0</size>
         <input_file_ref idref="fl-37"/>
      </object_component>
      <object_component id="oc-17f">
         <name>.stack</name>
         <uninitialized>true</uninitialized>
         <run_address>0xc0</run_address>
         <size>0x0</size>
      </object_component>
      <object_component id="oc-15a">
         <name>.sysstack</name>
         <uninitialized>true</uninitialized>
         <run_address>0x20c0</run_address>
         <size>0x0</size>
         <input_file_ref idref="fl-37"/>
      </object_component>
      <object_component id="oc-181">
         <name>.sysstack</name>
         <uninitialized>true</uninitialized>
         <run_address>0x20c0</run_address>
         <size>0x0</size>
      </object_component>
      <object_component id="oc-c2">
         <name>.bss</name>
         <uninitialized>true</uninitialized>
         <run_address>0x68e8</run_address>
         <size>0x232</size>
         <input_file_ref idref="fl-42"/>
      </object_component>
      <object_component id="oc-146">
         <name>.bss</name>
         <uninitialized>true</uninitialized>
         <run_address>0x6b1a</run_address>
         <size>0x2</size>
         <input_file_ref idref="fl-61"/>
      </object_component>
      <object_component id="oc-42">
         <name>.bss</name>
         <uninitialized>true</uninitialized>
         <run_address>0x6b1c</run_address>
         <size>0x220</size>
         <input_file_ref idref="fl-11"/>
      </object_component>
      <object_component id="oc-11b">
         <name>.bss</name>
         <uninitialized>true</uninitialized>
         <run_address>0x6d3c</run_address>
         <size>0x1a0</size>
         <input_file_ref idref="fl-57"/>
      </object_component>
      <object_component id="oc-4a">
         <name>.bss</name>
         <uninitialized>true</uninitialized>
         <run_address>0x6edc</run_address>
         <size>0x178</size>
         <input_file_ref idref="fl-12"/>
      </object_component>
      <object_component id="oc-f5">
         <name>.bss</name>
         <uninitialized>true</uninitialized>
         <run_address>0x7054</run_address>
         <size>0xe2</size>
         <input_file_ref idref="fl-4e"/>
      </object_component>
      <object_component id="oc-67">
         <name>.bss</name>
         <uninitialized>true</uninitialized>
         <run_address>0x7136</run_address>
         <size>0x2</size>
         <input_file_ref idref="fl-17"/>
      </object_component>
      <object_component id="oc-1f">
         <name>.bss</name>
         <uninitialized>true</uninitialized>
         <run_address>0x7138</run_address>
         <size>0x6c</size>
         <input_file_ref idref="fl-8"/>
      </object_component>
      <object_component id="oc-51">
         <name>.bss</name>
         <uninitialized>true</uninitialized>
         <run_address>0x71a4</run_address>
         <size>0x18</size>
         <input_file_ref idref="fl-13"/>
      </object_component>
      <object_component id="oc-14c">
         <name>.bss</name>
         <uninitialized>true</uninitialized>
         <run_address>0x71bc</run_address>
         <size>0xe</size>
         <input_file_ref idref="fl-62"/>
      </object_component>
      <object_component id="oc-7d">
         <name>.bss</name>
         <uninitialized>true</uninitialized>
         <run_address>0x71ca</run_address>
         <size>0x2</size>
         <input_file_ref idref="fl-1b"/>
      </object_component>
      <object_component id="oc-a5">
         <name>.bss</name>
         <uninitialized>true</uninitialized>
         <run_address>0x71cc</run_address>
         <size>0x8</size>
         <input_file_ref idref="fl-3b"/>
      </object_component>
      <object_component id="oc-96">
         <name>.bss</name>
         <uninitialized>true</uninitialized>
         <run_address>0x71d4</run_address>
         <size>0x8</size>
         <input_file_ref idref="fl-38"/>
      </object_component>
      <object_component id="oc-31">
         <name>.bss</name>
         <uninitialized>true</uninitialized>
         <run_address>0x71dc</run_address>
         <size>0x4</size>
         <input_file_ref idref="fl-e"/>
      </object_component>
      <object_component id="oc-22">
         <name>.const:.string</name>
         <load_address>0x50c0</load_address>
         <run_address>0x50c0</run_address>
         <size>0x46c</size>
         <input_file_ref idref="fl-8"/>
      </object_component>
      <object_component id="oc-45">
         <name>.const:.string</name>
         <load_address>0x552c</load_address>
         <run_address>0x552c</run_address>
         <size>0x344</size>
         <input_file_ref idref="fl-11"/>
      </object_component>
      <object_component id="oc-38">
         <name>.const:.string</name>
         <load_address>0x5870</load_address>
         <run_address>0x5870</run_address>
         <size>0x2e8</size>
         <input_file_ref idref="fl-f"/>
      </object_component>
      <object_component id="oc-166">
         <name>.const:__ctypes_</name>
         <load_address>0x5b58</load_address>
         <run_address>0x5b58</run_address>
         <size>0x202</size>
         <input_file_ref idref="fl-41"/>
      </object_component>
      <object_component id="oc-165">
         <name>.const:_Auriculares</name>
         <load_address>0x5d5a</load_address>
         <run_address>0x5d5a</run_address>
         <size>0x102</size>
         <input_file_ref idref="fl-2"/>
      </object_component>
      <object_component id="oc-162">
         <name>.const:_BassBoost</name>
         <load_address>0x5e5c</load_address>
         <run_address>0x5e5c</run_address>
         <size>0x102</size>
         <input_file_ref idref="fl-3"/>
      </object_component>
      <object_component id="oc-164">
         <name>.const:_BassTreble</name>
         <load_address>0x5f5e</load_address>
         <run_address>0x5f5e</run_address>
         <size>0x102</size>
         <input_file_ref idref="fl-4"/>
      </object_component>
      <object_component id="oc-160">
         <name>.const:_Clasica</name>
         <load_address>0x6060</load_address>
         <run_address>0x6060</run_address>
         <size>0x102</size>
         <input_file_ref idref="fl-5"/>
      </object_component>
      <object_component id="oc-15d">
         <name>.const:_Dance</name>
         <load_address>0x6162</load_address>
         <run_address>0x6162</run_address>
         <size>0x102</size>
         <input_file_ref idref="fl-6"/>
      </object_component>
      <object_component id="oc-15b">
         <name>.const:_Llano</name>
         <load_address>0x6264</load_address>
         <run_address>0x6264</run_address>
         <size>0x102</size>
         <input_file_ref idref="fl-7"/>
      </object_component>
      <object_component id="oc-15f">
         <name>.const:_Pop</name>
         <load_address>0x6366</load_address>
         <run_address>0x6366</run_address>
         <size>0x102</size>
         <input_file_ref idref="fl-9"/>
      </object_component>
      <object_component id="oc-15c">
         <name>.const:_Rock</name>
         <load_address>0x6468</load_address>
         <run_address>0x6468</run_address>
         <size>0x102</size>
         <input_file_ref idref="fl-a"/>
      </object_component>
      <object_component id="oc-15e">
         <name>.const:_Techno</name>
         <load_address>0x656a</load_address>
         <run_address>0x656a</run_address>
         <size>0x102</size>
         <input_file_ref idref="fl-b"/>
      </object_component>
      <object_component id="oc-163">
         <name>.const:_Treble</name>
         <load_address>0x666c</load_address>
         <run_address>0x666c</run_address>
         <size>0x102</size>
         <input_file_ref idref="fl-c"/>
      </object_component>
      <object_component id="oc-161">
         <name>.const:_Vivo</name>
         <load_address>0x676e</load_address>
         <run_address>0x676e</run_address>
         <size>0x102</size>
         <input_file_ref idref="fl-d"/>
      </object_component>
      <object_component id="oc-ad">
         <name>.const:.string</name>
         <load_address>0x6870</load_address>
         <run_address>0x6870</run_address>
         <size>0x48</size>
         <input_file_ref idref="fl-3c"/>
      </object_component>
      <object_component id="oc-ac">
         <name>.const</name>
         <load_address>0x68b8</load_address>
         <run_address>0x68b8</run_address>
         <size>0x18</size>
         <input_file_ref idref="fl-3c"/>
      </object_component>
      <object_component id="oc-167">
         <name>.const:_initial_approx$1</name>
         <load_address>0x68d0</load_address>
         <run_address>0x68d0</run_address>
         <size>0x10</size>
         <input_file_ref idref="fl-43"/>
      </object_component>
      <object_component id="oc-e1">
         <name>.const:.string</name>
         <load_address>0x68e0</load_address>
         <run_address>0x68e0</run_address>
         <size>0x4</size>
         <input_file_ref idref="fl-49"/>
      </object_component>
      <object_component id="oc-d8">
         <name>.const</name>
         <load_address>0x68e4</load_address>
         <run_address>0x68e4</run_address>
         <size>0x4</size>
         <input_file_ref idref="fl-47"/>
      </object_component>
      <object_component id="oc-14f">
         <name>.sysmem</name>
         <uninitialized>true</uninitialized>
         <run_address>0x30c0</run_address>
         <size>0x0</size>
         <input_file_ref idref="fl-62"/>
      </object_component>
      <object_component id="oc-180">
         <name>.sysmem</name>
         <uninitialized>true</uninitialized>
         <run_address>0x30c0</run_address>
         <size>0x0</size>
      </object_component>
      <object_component id="oc-4c">
         <name>.cinit</name>
         <load_address>0x40000</load_address>
         <run_address>0x40000</run_address>
         <size>0x184</size>
         <input_file_ref idref="fl-12"/>
      </object_component>
      <object_component id="oc-21">
         <name>.cinit</name>
         <load_address>0x40184</load_address>
         <run_address>0x40184</run_address>
         <size>0x8c</size>
         <input_file_ref idref="fl-8"/>
      </object_component>
      <object_component id="oc-f7">
         <name>.cinit</name>
         <load_address>0x40210</load_address>
         <run_address>0x40210</run_address>
         <size>0x5a</size>
         <input_file_ref idref="fl-4e"/>
      </object_component>
      <object_component id="oc-c4">
         <name>.cinit</name>
         <load_address>0x4026a</load_address>
         <run_address>0x4026a</run_address>
         <size>0x54</size>
         <input_file_ref idref="fl-42"/>
      </object_component>
      <object_component id="oc-53">
         <name>.cinit</name>
         <load_address>0x402be</load_address>
         <run_address>0x402be</run_address>
         <size>0x48</size>
         <input_file_ref idref="fl-13"/>
      </object_component>
      <object_component id="oc-44">
         <name>.cinit</name>
         <load_address>0x40306</load_address>
         <run_address>0x40306</run_address>
         <size>0x1a</size>
         <input_file_ref idref="fl-11"/>
      </object_component>
      <object_component id="oc-a7">
         <name>.cinit</name>
         <load_address>0x40320</load_address>
         <run_address>0x40320</run_address>
         <size>0x14</size>
         <input_file_ref idref="fl-3b"/>
      </object_component>
      <object_component id="oc-98">
         <name>.cinit</name>
         <load_address>0x40334</load_address>
         <run_address>0x40334</run_address>
         <size>0x14</size>
         <input_file_ref idref="fl-38"/>
      </object_component>
      <object_component id="oc-148">
         <name>.cinit</name>
         <load_address>0x40348</load_address>
         <run_address>0x40348</run_address>
         <size>0x8</size>
         <input_file_ref idref="fl-61"/>
      </object_component>
      <object_component id="oc-14e">
         <name>.cinit</name>
         <load_address>0x40350</load_address>
         <run_address>0x40350</run_address>
         <size>0x8</size>
         <input_file_ref idref="fl-62"/>
      </object_component>
      <object_component id="oc-69">
         <name>.cinit</name>
         <load_address>0x40358</load_address>
         <run_address>0x40358</run_address>
         <size>0x8</size>
         <input_file_ref idref="fl-17"/>
      </object_component>
      <object_component id="oc-7f">
         <name>.cinit</name>
         <load_address>0x40360</load_address>
         <run_address>0x40360</run_address>
         <size>0x8</size>
         <input_file_ref idref="fl-1b"/>
      </object_component>
      <object_component id="oc-121">
         <name>.cio</name>
         <uninitialized>true</uninitialized>
         <run_address>0x40370</run_address>
         <size>0x240</size>
         <input_file_ref idref="fl-58"/>
      </object_component>
      <object_component id="oc-11">
         <name>vectors</name>
         <load_address>0x4fe00</load_address>
         <run_address>0x4fe00</run_address>
         <size>0x100</size>
         <input_file_ref idref="fl-3a"/>
      </object_component>
      <object_component id="oc-12">
         <name>.debug_info</name>
         <load_address>0x0</load_address>
         <run_address>0x0</run_address>
         <size>0x4b7</size>
         <input_file_ref idref="fl-2"/>
      </object_component>
      <object_component id="oc-14">
         <name>.debug_info</name>
         <load_address>0x4b7</load_address>
         <run_address>0x4b7</run_address>
         <size>0x4b1</size>
         <input_file_ref idref="fl-3"/>
      </object_component>
      <object_component id="oc-16">
         <name>.debug_info</name>
         <load_address>0x968</load_address>
         <run_address>0x968</run_address>
         <size>0x4b4</size>
         <input_file_ref idref="fl-4"/>
      </object_component>
      <object_component id="oc-18">
         <name>.debug_info</name>
         <load_address>0xe1c</load_address>
         <run_address>0xe1c</run_address>
         <size>0x4ab</size>
         <input_file_ref idref="fl-5"/>
      </object_component>
      <object_component id="oc-1a">
         <name>.debug_info</name>
         <load_address>0x12c7</load_address>
         <run_address>0x12c7</run_address>
         <size>0x4a5</size>
         <input_file_ref idref="fl-6"/>
      </object_component>
      <object_component id="oc-1c">
         <name>.debug_info</name>
         <load_address>0x176c</load_address>
         <run_address>0x176c</run_address>
         <size>0x4a5</size>
         <input_file_ref idref="fl-7"/>
      </object_component>
      <object_component id="oc-20">
         <name>.debug_info</name>
         <load_address>0x1c11</load_address>
         <run_address>0x1c11</run_address>
         <size>0x1180</size>
         <input_file_ref idref="fl-8"/>
      </object_component>
      <object_component id="oc-26">
         <name>.debug_info</name>
         <load_address>0x2d91</load_address>
         <run_address>0x2d91</run_address>
         <size>0x49f</size>
         <input_file_ref idref="fl-9"/>
      </object_component>
      <object_component id="oc-28">
         <name>.debug_info</name>
         <load_address>0x3230</load_address>
         <run_address>0x3230</run_address>
         <size>0x4a2</size>
         <input_file_ref idref="fl-a"/>
      </object_component>
      <object_component id="oc-2a">
         <name>.debug_info</name>
         <load_address>0x36d2</load_address>
         <run_address>0x36d2</run_address>
         <size>0x4a8</size>
         <input_file_ref idref="fl-b"/>
      </object_component>
      <object_component id="oc-2c">
         <name>.debug_info</name>
         <load_address>0x3b7a</load_address>
         <run_address>0x3b7a</run_address>
         <size>0x4a8</size>
         <input_file_ref idref="fl-c"/>
      </object_component>
      <object_component id="oc-2e">
         <name>.debug_info</name>
         <load_address>0x4022</load_address>
         <run_address>0x4022</run_address>
         <size>0x4a2</size>
         <input_file_ref idref="fl-d"/>
      </object_component>
      <object_component id="oc-32">
         <name>.debug_info</name>
         <load_address>0x44c4</load_address>
         <run_address>0x44c4</run_address>
         <size>0xc82</size>
         <input_file_ref idref="fl-e"/>
      </object_component>
      <object_component id="oc-37">
         <name>.debug_info</name>
         <load_address>0x5146</load_address>
         <run_address>0x5146</run_address>
         <size>0xe65</size>
         <input_file_ref idref="fl-f"/>
      </object_component>
      <object_component id="oc-3d">
         <name>.debug_info</name>
         <load_address>0x5fab</load_address>
         <run_address>0x5fab</run_address>
         <size>0xb8e</size>
         <input_file_ref idref="fl-10"/>
      </object_component>
      <object_component id="oc-43">
         <name>.debug_info</name>
         <load_address>0x6b39</load_address>
         <run_address>0x6b39</run_address>
         <size>0x13fa</size>
         <input_file_ref idref="fl-11"/>
      </object_component>
      <object_component id="oc-4b">
         <name>.debug_info</name>
         <load_address>0x7f33</load_address>
         <run_address>0x7f33</run_address>
         <size>0x1919</size>
         <input_file_ref idref="fl-12"/>
      </object_component>
      <object_component id="oc-52">
         <name>.debug_info</name>
         <load_address>0x984c</load_address>
         <run_address>0x984c</run_address>
         <size>0x70a</size>
         <input_file_ref idref="fl-13"/>
      </object_component>
      <object_component id="oc-58">
         <name>.debug_info</name>
         <load_address>0x9f56</load_address>
         <run_address>0x9f56</run_address>
         <size>0x572</size>
         <input_file_ref idref="fl-14"/>
      </object_component>
      <object_component id="oc-5d">
         <name>.debug_info</name>
         <load_address>0xa4c8</load_address>
         <run_address>0xa4c8</run_address>
         <size>0x672</size>
         <input_file_ref idref="fl-15"/>
      </object_component>
      <object_component id="oc-62">
         <name>.debug_info</name>
         <load_address>0xab3a</load_address>
         <run_address>0xab3a</run_address>
         <size>0x802</size>
         <input_file_ref idref="fl-16"/>
      </object_component>
      <object_component id="oc-68">
         <name>.debug_info</name>
         <load_address>0xb33c</load_address>
         <run_address>0xb33c</run_address>
         <size>0xaff</size>
         <input_file_ref idref="fl-17"/>
      </object_component>
      <object_component id="oc-6e">
         <name>.debug_info</name>
         <load_address>0xbe3b</load_address>
         <run_address>0xbe3b</run_address>
         <size>0x636</size>
         <input_file_ref idref="fl-18"/>
      </object_component>
      <object_component id="oc-73">
         <name>.debug_info</name>
         <load_address>0xc471</load_address>
         <run_address>0xc471</run_address>
         <size>0x672</size>
         <input_file_ref idref="fl-19"/>
      </object_component>
      <object_component id="oc-78">
         <name>.debug_info</name>
         <load_address>0xcae3</load_address>
         <run_address>0xcae3</run_address>
         <size>0x802</size>
         <input_file_ref idref="fl-1a"/>
      </object_component>
      <object_component id="oc-7e">
         <name>.debug_info</name>
         <load_address>0xd2e5</load_address>
         <run_address>0xd2e5</run_address>
         <size>0xb88</size>
         <input_file_ref idref="fl-1b"/>
      </object_component>
      <object_component id="oc-84">
         <name>.debug_info</name>
         <load_address>0xde6d</load_address>
         <run_address>0xde6d</run_address>
         <size>0xe7f</size>
         <input_file_ref idref="fl-1c"/>
      </object_component>
      <object_component id="oc-89">
         <name>.debug_info</name>
         <load_address>0xecec</load_address>
         <run_address>0xecec</run_address>
         <size>0xe3</size>
         <input_file_ref idref="fl-22"/>
      </object_component>
      <object_component id="oc-8d">
         <name>.debug_info</name>
         <load_address>0xedcf</load_address>
         <run_address>0xedcf</run_address>
         <size>0x5ff3</size>
         <input_file_ref idref="fl-23"/>
      </object_component>
      <object_component id="oc-92">
         <name>.debug_info</name>
         <load_address>0x14dc2</load_address>
         <run_address>0x14dc2</run_address>
         <size>0xe8</size>
         <input_file_ref idref="fl-37"/>
      </object_component>
      <object_component id="oc-97">
         <name>.debug_info</name>
         <load_address>0x14eaa</load_address>
         <run_address>0x14eaa</run_address>
         <size>0x5fb</size>
         <input_file_ref idref="fl-38"/>
      </object_component>
      <object_component id="oc-9d">
         <name>.debug_info</name>
         <load_address>0x154a5</load_address>
         <run_address>0x154a5</run_address>
         <size>0x76c</size>
         <input_file_ref idref="fl-39"/>
      </object_component>
      <object_component id="oc-a1">
         <name>.debug_info</name>
         <load_address>0x15c11</load_address>
         <run_address>0x15c11</run_address>
         <size>0xbc</size>
         <input_file_ref idref="fl-3a"/>
      </object_component>
      <object_component id="oc-a6">
         <name>.debug_info</name>
         <load_address>0x15ccd</load_address>
         <run_address>0x15ccd</run_address>
         <size>0x5bc</size>
         <input_file_ref idref="fl-3b"/>
      </object_component>
      <object_component id="oc-ab">
         <name>.debug_info</name>
         <load_address>0x16289</load_address>
         <run_address>0x16289</run_address>
         <size>0x27bd</size>
         <input_file_ref idref="fl-3c"/>
      </object_component>
      <object_component id="oc-b1">
         <name>.debug_info</name>
         <load_address>0x18a46</load_address>
         <run_address>0x18a46</run_address>
         <size>0x586</size>
         <input_file_ref idref="fl-3d"/>
      </object_component>
      <object_component id="oc-b5">
         <name>.debug_info</name>
         <load_address>0x18fcc</load_address>
         <run_address>0x18fcc</run_address>
         <size>0x5a4</size>
         <input_file_ref idref="fl-3e"/>
      </object_component>
      <object_component id="oc-b9">
         <name>.debug_info</name>
         <load_address>0x19570</load_address>
         <run_address>0x19570</run_address>
         <size>0xcd</size>
         <input_file_ref idref="fl-3f"/>
      </object_component>
      <object_component id="oc-bd">
         <name>.debug_info</name>
         <load_address>0x1963d</load_address>
         <run_address>0x1963d</run_address>
         <size>0x81f</size>
         <input_file_ref idref="fl-40"/>
      </object_component>
      <object_component id="oc-c0">
         <name>.debug_info</name>
         <load_address>0x19e5c</load_address>
         <run_address>0x19e5c</run_address>
         <size>0x498</size>
         <input_file_ref idref="fl-41"/>
      </object_component>
      <object_component id="oc-c3">
         <name>.debug_info</name>
         <load_address>0x1a2f4</load_address>
         <run_address>0x1a2f4</run_address>
         <size>0x57e</size>
         <input_file_ref idref="fl-42"/>
      </object_component>
      <object_component id="oc-c7">
         <name>.debug_info</name>
         <load_address>0x1a872</load_address>
         <run_address>0x1a872</run_address>
         <size>0x7e8</size>
         <input_file_ref idref="fl-43"/>
      </object_component>
      <object_component id="oc-cb">
         <name>.debug_info</name>
         <load_address>0x1b05a</load_address>
         <run_address>0x1b05a</run_address>
         <size>0x534</size>
         <input_file_ref idref="fl-44"/>
      </object_component>
      <object_component id="oc-cf">
         <name>.debug_info</name>
         <load_address>0x1b58e</load_address>
         <run_address>0x1b58e</run_address>
         <size>0x4cf</size>
         <input_file_ref idref="fl-45"/>
      </object_component>
      <object_component id="oc-d3">
         <name>.debug_info</name>
         <load_address>0x1ba5d</load_address>
         <run_address>0x1ba5d</run_address>
         <size>0x534</size>
         <input_file_ref idref="fl-46"/>
      </object_component>
      <object_component id="oc-d7">
         <name>.debug_info</name>
         <load_address>0x1bf91</load_address>
         <run_address>0x1bf91</run_address>
         <size>0x549</size>
         <input_file_ref idref="fl-47"/>
      </object_component>
      <object_component id="oc-dc">
         <name>.debug_info</name>
         <load_address>0x1c4da</load_address>
         <run_address>0x1c4da</run_address>
         <size>0x6aa</size>
         <input_file_ref idref="fl-48"/>
      </object_component>
      <object_component id="oc-e0">
         <name>.debug_info</name>
         <load_address>0x1cb84</load_address>
         <run_address>0x1cb84</run_address>
         <size>0x942</size>
         <input_file_ref idref="fl-49"/>
      </object_component>
      <object_component id="oc-e5">
         <name>.debug_info</name>
         <load_address>0x1d4c6</load_address>
         <run_address>0x1d4c6</run_address>
         <size>0x53e</size>
         <input_file_ref idref="fl-4a"/>
      </object_component>
      <object_component id="oc-e9">
         <name>.debug_info</name>
         <load_address>0x1da04</load_address>
         <run_address>0x1da04</run_address>
         <size>0x680</size>
         <input_file_ref idref="fl-4b"/>
      </object_component>
      <object_component id="oc-ed">
         <name>.debug_info</name>
         <load_address>0x1e084</load_address>
         <run_address>0x1e084</run_address>
         <size>0x7d4</size>
         <input_file_ref idref="fl-4c"/>
      </object_component>
      <object_component id="oc-f1">
         <name>.debug_info</name>
         <load_address>0x1e858</load_address>
         <run_address>0x1e858</run_address>
         <size>0xbd</size>
         <input_file_ref idref="fl-4d"/>
      </object_component>
      <object_component id="oc-f6">
         <name>.debug_info</name>
         <load_address>0x1e915</load_address>
         <run_address>0x1e915</run_address>
         <size>0x144b</size>
         <input_file_ref idref="fl-4e"/>
      </object_component>
      <object_component id="oc-fb">
         <name>.debug_info</name>
         <load_address>0x1fd60</load_address>
         <run_address>0x1fd60</run_address>
         <size>0x5ad</size>
         <input_file_ref idref="fl-4f"/>
      </object_component>
      <object_component id="oc-ff">
         <name>.debug_info</name>
         <load_address>0x2030d</load_address>
         <run_address>0x2030d</run_address>
         <size>0x574</size>
         <input_file_ref idref="fl-50"/>
      </object_component>
      <object_component id="oc-103">
         <name>.debug_info</name>
         <load_address>0x20881</load_address>
         <run_address>0x20881</run_address>
         <size>0xd1</size>
         <input_file_ref idref="fl-51"/>
      </object_component>
      <object_component id="oc-107">
         <name>.debug_info</name>
         <load_address>0x20952</load_address>
         <run_address>0x20952</run_address>
         <size>0x55b</size>
         <input_file_ref idref="fl-52"/>
      </object_component>
      <object_component id="oc-10b">
         <name>.debug_info</name>
         <load_address>0x20ead</load_address>
         <run_address>0x20ead</run_address>
         <size>0x4b7</size>
         <input_file_ref idref="fl-53"/>
      </object_component>
      <object_component id="oc-10f">
         <name>.debug_info</name>
         <load_address>0x21364</load_address>
         <run_address>0x21364</run_address>
         <size>0x4f2</size>
         <input_file_ref idref="fl-54"/>
      </object_component>
      <object_component id="oc-113">
         <name>.debug_info</name>
         <load_address>0x21856</load_address>
         <run_address>0x21856</run_address>
         <size>0x534</size>
         <input_file_ref idref="fl-55"/>
      </object_component>
      <object_component id="oc-117">
         <name>.debug_info</name>
         <load_address>0x21d8a</load_address>
         <run_address>0x21d8a</run_address>
         <size>0x4de</size>
         <input_file_ref idref="fl-56"/>
      </object_component>
      <object_component id="oc-11c">
         <name>.debug_info</name>
         <load_address>0x22268</load_address>
         <run_address>0x22268</run_address>
         <size>0xed4</size>
         <input_file_ref idref="fl-57"/>
      </object_component>
      <object_component id="oc-120">
         <name>.debug_info</name>
         <load_address>0x2313c</load_address>
         <run_address>0x2313c</run_address>
         <size>0x744</size>
         <input_file_ref idref="fl-58"/>
      </object_component>
      <object_component id="oc-126">
         <name>.debug_info</name>
         <load_address>0x23880</load_address>
         <run_address>0x23880</run_address>
         <size>0xef</size>
         <input_file_ref idref="fl-59"/>
      </object_component>
      <object_component id="oc-12a">
         <name>.debug_info</name>
         <load_address>0x2396f</load_address>
         <run_address>0x2396f</run_address>
         <size>0x662</size>
         <input_file_ref idref="fl-5a"/>
      </object_component>
      <object_component id="oc-12e">
         <name>.debug_info</name>
         <load_address>0x23fd1</load_address>
         <run_address>0x23fd1</run_address>
         <size>0x5ab</size>
         <input_file_ref idref="fl-5b"/>
      </object_component>
      <object_component id="oc-132">
         <name>.debug_info</name>
         <load_address>0x2457c</load_address>
         <run_address>0x2457c</run_address>
         <size>0x4f2</size>
         <input_file_ref idref="fl-5c"/>
      </object_component>
      <object_component id="oc-136">
         <name>.debug_info</name>
         <load_address>0x24a6e</load_address>
         <run_address>0x24a6e</run_address>
         <size>0x706</size>
         <input_file_ref idref="fl-5d"/>
      </object_component>
      <object_component id="oc-13a">
         <name>.debug_info</name>
         <load_address>0x25174</load_address>
         <run_address>0x25174</run_address>
         <size>0x4d2</size>
         <input_file_ref idref="fl-5e"/>
      </object_component>
      <object_component id="oc-13e">
         <name>.debug_info</name>
         <load_address>0x25646</load_address>
         <run_address>0x25646</run_address>
         <size>0x5f7</size>
         <input_file_ref idref="fl-5f"/>
      </object_component>
      <object_component id="oc-142">
         <name>.debug_info</name>
         <load_address>0x25c3d</load_address>
         <run_address>0x25c3d</run_address>
         <size>0x64a</size>
         <input_file_ref idref="fl-60"/>
      </object_component>
      <object_component id="oc-147">
         <name>.debug_info</name>
         <load_address>0x26287</load_address>
         <run_address>0x26287</run_address>
         <size>0xa1c</size>
         <input_file_ref idref="fl-61"/>
      </object_component>
      <object_component id="oc-14d">
         <name>.debug_info</name>
         <load_address>0x26ca3</load_address>
         <run_address>0x26ca3</run_address>
         <size>0xba5</size>
         <input_file_ref idref="fl-62"/>
      </object_component>
      <object_component id="oc-153">
         <name>.debug_info</name>
         <load_address>0x27848</load_address>
         <run_address>0x27848</run_address>
         <size>0x64f</size>
         <input_file_ref idref="fl-63"/>
      </object_component>
      <object_component id="oc-157">
         <name>.debug_info</name>
         <load_address>0x27e97</load_address>
         <run_address>0x27e97</run_address>
         <size>0x510</size>
         <input_file_ref idref="fl-64"/>
      </object_component>
      <object_component id="oc-186">
         <name>.debug_info</name>
         <load_address>0x283a7</load_address>
         <run_address>0x283a7</run_address>
         <size>0x6e</size>
      </object_component>
      <object_component id="oc-13">
         <name>.debug_abbrev</name>
         <load_address>0x0</load_address>
         <run_address>0x0</run_address>
         <size>0x68</size>
         <input_file_ref idref="fl-2"/>
      </object_component>
      <object_component id="oc-15">
         <name>.debug_abbrev</name>
         <load_address>0x68</load_address>
         <run_address>0x68</run_address>
         <size>0x68</size>
         <input_file_ref idref="fl-3"/>
      </object_component>
      <object_component id="oc-17">
         <name>.debug_abbrev</name>
         <load_address>0xd0</load_address>
         <run_address>0xd0</run_address>
         <size>0x68</size>
         <input_file_ref idref="fl-4"/>
      </object_component>
      <object_component id="oc-19">
         <name>.debug_abbrev</name>
         <load_address>0x138</load_address>
         <run_address>0x138</run_address>
         <size>0x68</size>
         <input_file_ref idref="fl-5"/>
      </object_component>
      <object_component id="oc-1b">
         <name>.debug_abbrev</name>
         <load_address>0x1a0</load_address>
         <run_address>0x1a0</run_address>
         <size>0x68</size>
         <input_file_ref idref="fl-6"/>
      </object_component>
      <object_component id="oc-1d">
         <name>.debug_abbrev</name>
         <load_address>0x208</load_address>
         <run_address>0x208</run_address>
         <size>0x68</size>
         <input_file_ref idref="fl-7"/>
      </object_component>
      <object_component id="oc-25">
         <name>.debug_abbrev</name>
         <load_address>0x270</load_address>
         <run_address>0x270</run_address>
         <size>0x14c</size>
         <input_file_ref idref="fl-8"/>
      </object_component>
      <object_component id="oc-27">
         <name>.debug_abbrev</name>
         <load_address>0x3bc</load_address>
         <run_address>0x3bc</run_address>
         <size>0x68</size>
         <input_file_ref idref="fl-9"/>
      </object_component>
      <object_component id="oc-29">
         <name>.debug_abbrev</name>
         <load_address>0x424</load_address>
         <run_address>0x424</run_address>
         <size>0x68</size>
         <input_file_ref idref="fl-a"/>
      </object_component>
      <object_component id="oc-2b">
         <name>.debug_abbrev</name>
         <load_address>0x48c</load_address>
         <run_address>0x48c</run_address>
         <size>0x68</size>
         <input_file_ref idref="fl-b"/>
      </object_component>
      <object_component id="oc-2d">
         <name>.debug_abbrev</name>
         <load_address>0x4f4</load_address>
         <run_address>0x4f4</run_address>
         <size>0x68</size>
         <input_file_ref idref="fl-c"/>
      </object_component>
      <object_component id="oc-2f">
         <name>.debug_abbrev</name>
         <load_address>0x55c</load_address>
         <run_address>0x55c</run_address>
         <size>0x68</size>
         <input_file_ref idref="fl-d"/>
      </object_component>
      <object_component id="oc-35">
         <name>.debug_abbrev</name>
         <load_address>0x5c4</load_address>
         <run_address>0x5c4</run_address>
         <size>0x147</size>
         <input_file_ref idref="fl-e"/>
      </object_component>
      <object_component id="oc-3b">
         <name>.debug_abbrev</name>
         <load_address>0x70b</load_address>
         <run_address>0x70b</run_address>
         <size>0xfd</size>
         <input_file_ref idref="fl-f"/>
      </object_component>
      <object_component id="oc-40">
         <name>.debug_abbrev</name>
         <load_address>0x808</load_address>
         <run_address>0x808</run_address>
         <size>0xf4</size>
         <input_file_ref idref="fl-10"/>
      </object_component>
      <object_component id="oc-48">
         <name>.debug_abbrev</name>
         <load_address>0x8fc</load_address>
         <run_address>0x8fc</run_address>
         <size>0x158</size>
         <input_file_ref idref="fl-11"/>
      </object_component>
      <object_component id="oc-4f">
         <name>.debug_abbrev</name>
         <load_address>0xa54</load_address>
         <run_address>0xa54</run_address>
         <size>0x189</size>
         <input_file_ref idref="fl-12"/>
      </object_component>
      <object_component id="oc-56">
         <name>.debug_abbrev</name>
         <load_address>0xbdd</load_address>
         <run_address>0xbdd</run_address>
         <size>0xf5</size>
         <input_file_ref idref="fl-13"/>
      </object_component>
      <object_component id="oc-5b">
         <name>.debug_abbrev</name>
         <load_address>0xcd2</load_address>
         <run_address>0xcd2</run_address>
         <size>0x87</size>
         <input_file_ref idref="fl-14"/>
      </object_component>
      <object_component id="oc-60">
         <name>.debug_abbrev</name>
         <load_address>0xd59</load_address>
         <run_address>0xd59</run_address>
         <size>0xe7</size>
         <input_file_ref idref="fl-15"/>
      </object_component>
      <object_component id="oc-65">
         <name>.debug_abbrev</name>
         <load_address>0xe40</load_address>
         <run_address>0xe40</run_address>
         <size>0x87</size>
         <input_file_ref idref="fl-16"/>
      </object_component>
      <object_component id="oc-6c">
         <name>.debug_abbrev</name>
         <load_address>0xec7</load_address>
         <run_address>0xec7</run_address>
         <size>0xd0</size>
         <input_file_ref idref="fl-17"/>
      </object_component>
      <object_component id="oc-71">
         <name>.debug_abbrev</name>
         <load_address>0xf97</load_address>
         <run_address>0xf97</run_address>
         <size>0x95</size>
         <input_file_ref idref="fl-18"/>
      </object_component>
      <object_component id="oc-76">
         <name>.debug_abbrev</name>
         <load_address>0x102c</load_address>
         <run_address>0x102c</run_address>
         <size>0xe7</size>
         <input_file_ref idref="fl-19"/>
      </object_component>
      <object_component id="oc-7b">
         <name>.debug_abbrev</name>
         <load_address>0x1113</load_address>
         <run_address>0x1113</run_address>
         <size>0x87</size>
         <input_file_ref idref="fl-1a"/>
      </object_component>
      <object_component id="oc-82">
         <name>.debug_abbrev</name>
         <load_address>0x119a</load_address>
         <run_address>0x119a</run_address>
         <size>0xe0</size>
         <input_file_ref idref="fl-1b"/>
      </object_component>
      <object_component id="oc-87">
         <name>.debug_abbrev</name>
         <load_address>0x127a</load_address>
         <run_address>0x127a</run_address>
         <size>0xdc</size>
         <input_file_ref idref="fl-1c"/>
      </object_component>
      <object_component id="oc-8b">
         <name>.debug_abbrev</name>
         <load_address>0x1356</load_address>
         <run_address>0x1356</run_address>
         <size>0x2c</size>
         <input_file_ref idref="fl-22"/>
      </object_component>
      <object_component id="oc-90">
         <name>.debug_abbrev</name>
         <load_address>0x1382</load_address>
         <run_address>0x1382</run_address>
         <size>0x23e</size>
         <input_file_ref idref="fl-23"/>
      </object_component>
      <object_component id="oc-94">
         <name>.debug_abbrev</name>
         <load_address>0x15c0</load_address>
         <run_address>0x15c0</run_address>
         <size>0x3a</size>
         <input_file_ref idref="fl-37"/>
      </object_component>
      <object_component id="oc-9b">
         <name>.debug_abbrev</name>
         <load_address>0x15fa</load_address>
         <run_address>0x15fa</run_address>
         <size>0xf7</size>
         <input_file_ref idref="fl-38"/>
      </object_component>
      <object_component id="oc-9f">
         <name>.debug_abbrev</name>
         <load_address>0x16f1</load_address>
         <run_address>0x16f1</run_address>
         <size>0x145</size>
         <input_file_ref idref="fl-39"/>
      </object_component>
      <object_component id="oc-a3">
         <name>.debug_abbrev</name>
         <load_address>0x1836</load_address>
         <run_address>0x1836</run_address>
         <size>0x26</size>
         <input_file_ref idref="fl-3a"/>
      </object_component>
      <object_component id="oc-a9">
         <name>.debug_abbrev</name>
         <load_address>0x185c</load_address>
         <run_address>0x185c</run_address>
         <size>0x9f</size>
         <input_file_ref idref="fl-3b"/>
      </object_component>
      <object_component id="oc-af">
         <name>.debug_abbrev</name>
         <load_address>0x18fb</load_address>
         <run_address>0x18fb</run_address>
         <size>0x1f8</size>
         <input_file_ref idref="fl-3c"/>
      </object_component>
      <object_component id="oc-b3">
         <name>.debug_abbrev</name>
         <load_address>0x1af3</load_address>
         <run_address>0x1af3</run_address>
         <size>0xec</size>
         <input_file_ref idref="fl-3d"/>
      </object_component>
      <object_component id="oc-b7">
         <name>.debug_abbrev</name>
         <load_address>0x1bdf</load_address>
         <run_address>0x1bdf</run_address>
         <size>0xd5</size>
         <input_file_ref idref="fl-3e"/>
      </object_component>
      <object_component id="oc-bb">
         <name>.debug_abbrev</name>
         <load_address>0x1cb4</load_address>
         <run_address>0x1cb4</run_address>
         <size>0x44</size>
         <input_file_ref idref="fl-3f"/>
      </object_component>
      <object_component id="oc-bf">
         <name>.debug_abbrev</name>
         <load_address>0x1cf8</load_address>
         <run_address>0x1cf8</run_address>
         <size>0xb7</size>
         <input_file_ref idref="fl-40"/>
      </object_component>
      <object_component id="oc-c1">
         <name>.debug_abbrev</name>
         <load_address>0x1daf</load_address>
         <run_address>0x1daf</run_address>
         <size>0x68</size>
         <input_file_ref idref="fl-41"/>
      </object_component>
      <object_component id="oc-c5">
         <name>.debug_abbrev</name>
         <load_address>0x1e17</load_address>
         <run_address>0x1e17</run_address>
         <size>0x83</size>
         <input_file_ref idref="fl-42"/>
      </object_component>
      <object_component id="oc-c9">
         <name>.debug_abbrev</name>
         <load_address>0x1e9a</load_address>
         <run_address>0x1e9a</run_address>
         <size>0x112</size>
         <input_file_ref idref="fl-43"/>
      </object_component>
      <object_component id="oc-cd">
         <name>.debug_abbrev</name>
         <load_address>0x1fac</load_address>
         <run_address>0x1fac</run_address>
         <size>0xb5</size>
         <input_file_ref idref="fl-44"/>
      </object_component>
      <object_component id="oc-d1">
         <name>.debug_abbrev</name>
         <load_address>0x2061</load_address>
         <run_address>0x2061</run_address>
         <size>0x8f</size>
         <input_file_ref idref="fl-45"/>
      </object_component>
      <object_component id="oc-d5">
         <name>.debug_abbrev</name>
         <load_address>0x20f0</load_address>
         <run_address>0x20f0</run_address>
         <size>0xb7</size>
         <input_file_ref idref="fl-46"/>
      </object_component>
      <object_component id="oc-da">
         <name>.debug_abbrev</name>
         <load_address>0x21a7</load_address>
         <run_address>0x21a7</run_address>
         <size>0xc2</size>
         <input_file_ref idref="fl-47"/>
      </object_component>
      <object_component id="oc-de">
         <name>.debug_abbrev</name>
         <load_address>0x2269</load_address>
         <run_address>0x2269</run_address>
         <size>0x103</size>
         <input_file_ref idref="fl-48"/>
      </object_component>
      <object_component id="oc-e3">
         <name>.debug_abbrev</name>
         <load_address>0x236c</load_address>
         <run_address>0x236c</run_address>
         <size>0x140</size>
         <input_file_ref idref="fl-49"/>
      </object_component>
      <object_component id="oc-e7">
         <name>.debug_abbrev</name>
         <load_address>0x24ac</load_address>
         <run_address>0x24ac</run_address>
         <size>0x9a</size>
         <input_file_ref idref="fl-4a"/>
      </object_component>
      <object_component id="oc-eb">
         <name>.debug_abbrev</name>
         <load_address>0x2546</load_address>
         <run_address>0x2546</run_address>
         <size>0xd0</size>
         <input_file_ref idref="fl-4b"/>
      </object_component>
      <object_component id="oc-ef">
         <name>.debug_abbrev</name>
         <load_address>0x2616</load_address>
         <run_address>0x2616</run_address>
         <size>0xb7</size>
         <input_file_ref idref="fl-4c"/>
      </object_component>
      <object_component id="oc-f3">
         <name>.debug_abbrev</name>
         <load_address>0x26cd</load_address>
         <run_address>0x26cd</run_address>
         <size>0x38</size>
         <input_file_ref idref="fl-4d"/>
      </object_component>
      <object_component id="oc-f9">
         <name>.debug_abbrev</name>
         <load_address>0x2705</load_address>
         <run_address>0x2705</run_address>
         <size>0x225</size>
         <input_file_ref idref="fl-4e"/>
      </object_component>
      <object_component id="oc-fd">
         <name>.debug_abbrev</name>
         <load_address>0x292a</load_address>
         <run_address>0x292a</run_address>
         <size>0xec</size>
         <input_file_ref idref="fl-4f"/>
      </object_component>
      <object_component id="oc-101">
         <name>.debug_abbrev</name>
         <load_address>0x2a16</load_address>
         <run_address>0x2a16</run_address>
         <size>0xb7</size>
         <input_file_ref idref="fl-50"/>
      </object_component>
      <object_component id="oc-105">
         <name>.debug_abbrev</name>
         <load_address>0x2acd</load_address>
         <run_address>0x2acd</run_address>
         <size>0x38</size>
         <input_file_ref idref="fl-51"/>
      </object_component>
      <object_component id="oc-109">
         <name>.debug_abbrev</name>
         <load_address>0x2b05</load_address>
         <run_address>0x2b05</run_address>
         <size>0xdc</size>
         <input_file_ref idref="fl-52"/>
      </object_component>
      <object_component id="oc-10d">
         <name>.debug_abbrev</name>
         <load_address>0x2be1</load_address>
         <run_address>0x2be1</run_address>
         <size>0x81</size>
         <input_file_ref idref="fl-53"/>
      </object_component>
      <object_component id="oc-111">
         <name>.debug_abbrev</name>
         <load_address>0x2c62</load_address>
         <run_address>0x2c62</run_address>
         <size>0xa6</size>
         <input_file_ref idref="fl-54"/>
      </object_component>
      <object_component id="oc-115">
         <name>.debug_abbrev</name>
         <load_address>0x2d08</load_address>
         <run_address>0x2d08</run_address>
         <size>0xb5</size>
         <input_file_ref idref="fl-55"/>
      </object_component>
      <object_component id="oc-119">
         <name>.debug_abbrev</name>
         <load_address>0x2dbd</load_address>
         <run_address>0x2dbd</run_address>
         <size>0x8f</size>
         <input_file_ref idref="fl-56"/>
      </object_component>
      <object_component id="oc-11e">
         <name>.debug_abbrev</name>
         <load_address>0x2e4c</load_address>
         <run_address>0x2e4c</run_address>
         <size>0x15a</size>
         <input_file_ref idref="fl-57"/>
      </object_component>
      <object_component id="oc-124">
         <name>.debug_abbrev</name>
         <load_address>0x2fa6</load_address>
         <run_address>0x2fa6</run_address>
         <size>0xde</size>
         <input_file_ref idref="fl-58"/>
      </object_component>
      <object_component id="oc-128">
         <name>.debug_abbrev</name>
         <load_address>0x3084</load_address>
         <run_address>0x3084</run_address>
         <size>0x38</size>
[...]
      </symbol>
      <symbol id="sm-388">
         <name>_USBSTK5515_I2C_close</name>
         <value>0x259fa</value>
         <object_component_ref idref="oc-7c"/>
      </symbol>
      <symbol id="sm-389">
         <name>_USBSTK5515_I2C_read</name>
         <value>0x25aa0</value>
         <object_component_ref idref="oc-7c"/>
      </symbol>
      <symbol id="sm-38a">
         <name>_USBSTK5515_I2C_write</name>
         <value>0x25a11</value>
         <object_component_ref idref="oc-7c"/>
      </symbol>
      <symbol id="sm-38b">
         <name>_USBSTK5515_I2C_reset</name>
         <value>0x25a03</value>
         <object_component_ref idref="oc-7c"/>
      </symbol>
      <symbol id="sm-38c">
         <name>_USBSTK5515_I2C_init</name>
         <value>0x259db</value>
         <object_component_ref idref="oc-7c"/>
      </symbol>
      <symbol id="sm-3a9">
         <name>_USBSTK5515_ULED_toggle</name>
         <value>0x25416</value>
         <object_component_ref idref="oc-83"/>
      </symbol>
      <symbol id="sm-3aa">
         <name>_USBSTK5515_LED_on</name>
         <value>0x2529d</value>
         <object_component_ref idref="oc-83"/>
      </symbol>
      <symbol id="sm-3ab">
         <name>_USBSTK5515_LED_off</name>
         <value>0x252ae</value>
         <object_component_ref idref="oc-83"/>
      </symbol>
      <symbol id="sm-3ac">
         <name>_USBSTK5515_ULED_on</name>
         <value>0x253ae</value>
         <object_component_ref idref="oc-83"/>
      </symbol>
      <symbol id="sm-3ad">
         <name>_USBSTK5515_ULED_off</name>
         <value>0x253e3</value>
         <object_component_ref idref="oc-83"/>
      </symbol>
      <symbol id="sm-3ae">
         <name>_USBSTK5515_ULED_getall</name>
         <value>0x252ee</value>
         <object_component_ref idref="oc-83"/>
      </symbol>
      <symbol id="sm-3af">
         <name>_USBSTK5515_ULED_setall</name>
         <value>0x25340</value>
         <object_component_ref idref="oc-83"/>
      </symbol>
      <symbol id="sm-3b0">
         <name>_USBSTK5515_ULED_init</name>
         <value>0x252bf</value>
         <object_component_ref idref="oc-83"/>
      </symbol>
      <symbol id="sm-3b1">
         <name>_USBSTK5515_LED_init</name>
         <value>0x25292</value>
         <object_component_ref idref="oc-83"/>
      </symbol>
      <symbol id="sm-3bd">
         <name>_fir</name>
         <value>0x264bb</value>
         <object_component_ref idref="oc-88"/>
      </symbol>
      <symbol id="sm-3e2">
         <name>_PLL_reset</name>
         <value>0x246c1</value>
         <object_component_ref idref="oc-8c"/>
      </symbol>
      <symbol id="sm-3e3">
         <name>_PLL_bypass</name>
         <value>0x24672</value>
         <object_component_ref idref="oc-8c"/>
      </symbol>
      <symbol id="sm-3e4">
         <name>_PLL_enable</name>
         <value>0x2460b</value>
         <object_component_ref idref="oc-8c"/>
      </symbol>
      <symbol id="sm-3e5">
         <name>_PLL_config</name>
         <value>0x244e2</value>
         <object_component_ref idref="oc-8c"/>
      </symbol>
      <symbol id="sm-3e6">
         <name>_PLL_init</name>
         <value>0x244aa</value>
         <object_component_ref idref="oc-8c"/>
      </symbol>
      <symbol id="sm-3f2">
         <name>__sysstack</name>
         <value>0x20c0</value>
         <object_component_ref idref="oc-15a"/>
      </symbol>
      <symbol id="sm-3f3">
         <name>_c_int00</name>
         <value>0x2696c</value>
         <object_component_ref idref="oc-10"/>
      </symbol>
      <symbol id="sm-3f4">
         <name>__stack</name>
         <value>0xc0</value>
         <object_component_ref idref="oc-91"/>
      </symbol>
      <symbol id="sm-404">
         <name>C$$EXIT</name>
         <value>0x26acd</value>
         <object_component_ref idref="oc-99"/>
      </symbol>
      <symbol id="sm-405">
         <name>_exit</name>
         <value>0x2692e</value>
         <object_component_ref idref="oc-95"/>
      </symbol>
      <symbol id="sm-406">
         <name>_abort</name>
         <value>0x26acc</value>
         <object_component_ref idref="oc-99"/>
      </symbol>
      <symbol id="sm-407">
         <name>__cleanup_ptr</name>
         <value>0x71d4</value>
         <object_component_ref idref="oc-96"/>
      </symbol>
      <symbol id="sm-408">
         <name>__dtors_ptr</name>
         <value>0x71d8</value>
         <object_component_ref idref="oc-96"/>
      </symbol>
      <symbol id="sm-412">
         <name>_printf</name>
         <value>0x267b7</value>
         <object_component_ref idref="oc-9c"/>
      </symbol>
      <symbol id="sm-41c">
         <name>_Reset</name>
         <value>0x4fe00</value>
         <object_component_ref idref="oc-11"/>
      </symbol>
      <symbol id="sm-42a">
         <name>__unlock</name>
         <value>0x71d0</value>
         <object_component_ref idref="oc-a5"/>
      </symbol>
      <symbol id="sm-42b">
         <name>__lock</name>
         <value>0x71cc</value>
         <object_component_ref idref="oc-a5"/>
      </symbol>
      <symbol id="sm-42c">
         <name>__register_lock</name>
         <value>0x26aa8</value>
         <object_component_ref idref="oc-a4"/>
      </symbol>
      <symbol id="sm-42d">
         <name>__nop</name>
         <value>0x26ab0</value>
         <object_component_ref idref="oc-a4"/>
      </symbol>
      <symbol id="sm-42e">
         <name>__register_unlock</name>
         <value>0x26aa0</value>
         <object_component_ref idref="oc-a4"/>
      </symbol>
      <symbol id="sm-440">
         <name>__printfi</name>
         <value>0x21315</value>
         <object_component_ref idref="oc-aa"/>
      </symbol>
      <symbol id="sm-44a">
         <name>__args_main</name>
         <value>0x2689d</value>
         <object_component_ref idref="oc-b0"/>
      </symbol>
      <symbol id="sm-44b">
         <name>__TI_args_main</name>
         <value>0x1</value>
      </symbol>
      <symbol id="sm-455">
         <name>_atoi</name>
         <value>0x26660</value>
         <object_component_ref idref="oc-b4"/>
      </symbol>
      <symbol id="sm-45d">
         <name>_auto_init</name>
         <value>0x26805</value>
         <object_component_ref idref="oc-b8"/>
      </symbol>
      <symbol id="sm-467">
         <name>__eqld</name>
         <value>0x25206</value>
         <object_component_ref idref="oc-bc"/>
      </symbol>
      <symbol id="sm-468">
         <name>__cmpd</name>
         <value>0x2523a</value>
         <object_component_ref idref="oc-bc"/>
      </symbol>
      <symbol id="sm-469">
         <name>__neqd</name>
         <value>0x250a8</value>
         <object_component_ref idref="oc-bc"/>
      </symbol>
      <symbol id="sm-46a">
         <name>__gtrd</name>
         <value>0x25171</value>
         <object_component_ref idref="oc-bc"/>
      </symbol>
      <symbol id="sm-46b">
         <name>__geqd</name>
         <value>0x251bc</value>
         <object_component_ref idref="oc-bc"/>
      </symbol>
      <symbol id="sm-46c">
         <name>__leqd</name>
         <value>0x25124</value>
         <object_component_ref idref="oc-bc"/>
      </symbol>
      <symbol id="sm-46d">
         <name>__lssd</name>
         <value>0x250dc</value>
         <object_component_ref idref="oc-bc"/>
      </symbol>
      <symbol id="sm-475">
         <name>__ctypes_</name>
         <value>0x5b58</value>
         <object_component_ref idref="oc-166"/>
      </symbol>
      <symbol id="sm-47f">
         <name>__tmpnams</name>
         <value>0x69d8</value>
         <object_component_ref idref="oc-c2"/>
      </symbol>
      <symbol id="sm-480">
         <name>__ft_end</name>
         <value>0x6b18</value>
         <object_component_ref idref="oc-c2"/>
      </symbol>
      <symbol id="sm-481">
         <name>__ftable</name>
         <value>0x68e8</value>
         <object_component_ref idref="oc-c2"/>
      </symbol>
      <symbol id="sm-48d">
         <name>__divd</name>
         <value>0x23ac3</value>
         <object_component_ref idref="oc-c6"/>
      </symbol>
      <symbol id="sm-498">
         <name>__divul</name>
         <value>0x26165</value>
         <object_component_ref idref="oc-ca"/>
      </symbol>
      <symbol id="sm-4a2">
         <name>__fixdi</name>
         <value>0x269cd</value>
         <object_component_ref idref="oc-ce"/>
      </symbol>
      <symbol id="sm-4ac">
         <name>__fixdli</name>
         <value>0x2644d</value>
         <object_component_ref idref="oc-d2"/>
      </symbol>
      <symbol id="sm-4b8">
         <name>__fltlid</name>
         <value>0x265f9</value>
         <object_component_ref idref="oc-d6"/>
      </symbol>
      <symbol id="sm-4c2">
         <name>_putchar</name>
         <value>0x26156</value>
         <object_component_ref idref="oc-db"/>
      </symbol>
      <symbol id="sm-4c3">
         <name>_putc</name>
         <value>0x260c3</value>
         <object_component_ref idref="oc-db"/>
      </symbol>
      <symbol id="sm-4c4">
         <name>_fputc</name>
         <value>0x260c3</value>
         <object_component_ref idref="oc-db"/>
      </symbol>
      <symbol id="sm-4d0">
         <name>_puts</name>
         <value>0x255aa</value>
         <object_component_ref idref="oc-df"/>
      </symbol>
      <symbol id="sm-4d1">
         <name>_fputs</name>
         <value>0x2545b</value>
         <object_component_ref idref="oc-df"/>
      </symbol>
      <symbol id="sm-4db">
         <name>__frcmpyd_div</name>
         <value>0x2636a</value>
         <object_component_ref idref="oc-e4"/>
      </symbol>
      <symbol id="sm-4e5">
         <name>___isinf</name>
         <value>0x26a5f</value>
         <object_component_ref idref="oc-e8"/>
      </symbol>
      <symbol id="sm-4ef">
         <name>__divull</name>
         <value>0x24d29</value>
         <object_component_ref idref="oc-ec"/>
      </symbol>
      <symbol id="sm-4f0">
         <name>__mpylli</name>
         <value>0x24c72</value>
         <object_component_ref idref="oc-ec"/>
      </symbol>
      <symbol id="sm-4f1">
         <name>__remlli</name>
         <value>0x24c43</value>
         <object_component_ref idref="oc-ec"/>
      </symbol>
      <symbol id="sm-4f2">
         <name>__divlli</name>
         <value>0x24e1d</value>
         <object_component_ref idref="oc-ec"/>
      </symbol>
      <symbol id="sm-4f3">
         <name>__remull</name>
         <value>0x24bf5</value>
         <object_component_ref idref="oc-ec"/>
      </symbol>
      <symbol id="sm-4fb">
         <name>__mpyli</name>
         <value>0x26a8d</value>
         <object_component_ref idref="oc-f0"/>
      </symbol>
      <symbol id="sm-4fc">
         <name>I$$LMPY</name>
         <value>0x26a8d</value>
         <object_component_ref idref="oc-f0"/>
      </symbol>
      <symbol id="sm-50d">
         <name>_add_device</name>
         <value>0x239db</value>
         <object_component_ref idref="oc-f4"/>
      </symbol>
      <symbol id="sm-50e">
         <name>_rename</name>
         <value>0x2370c</value>
         <object_component_ref idref="oc-f4"/>
      </symbol>
      <symbol id="sm-50f">
         <name>_read</name>
         <value>0x23797</value>
         <object_component_ref idref="oc-f4"/>
      </symbol>
      <symbol id="sm-510">
         <name>_unlink</name>
         <value>0x236d8</value>
         <object_component_ref idref="oc-f4"/>
      </symbol>
      <symbol id="sm-511">
         <name>_remove_device</name>
         <value>0x23763</value>
         <object_component_ref idref="oc-f4"/>
      </symbol>
      <symbol id="sm-512">
         <name>_open</name>
         <value>0x23841</value>
         <object_component_ref idref="oc-f4"/>
      </symbol>
      <symbol id="sm-513">
         <name>_find_registered_device</name>
         <value>0x23962</value>
         <object_component_ref idref="oc-f4"/>
      </symbol>
      <symbol id="sm-514">
         <name>_lseek</name>
         <value>0x238fe</value>
         <object_component_ref idref="oc-f4"/>
      </symbol>
      <symbol id="sm-515">
         <name>_close</name>
         <value>0x2396b</value>
         <object_component_ref idref="oc-f4"/>
      </symbol>
      <symbol id="sm-516">
         <name>_write</name>
         <value>0x235ab</value>
         <object_component_ref idref="oc-f4"/>
      </symbol>
      <symbol id="sm-520">
         <name>_ltoa</name>
         <value>0x26205</value>
         <object_component_ref idref="oc-fa"/>
      </symbol>
      <symbol id="sm-52b">
         <name>_memccpy</name>
         <value>0x26a21</value>
         <object_component_ref idref="oc-fe"/>
      </symbol>
      <symbol id="sm-535">
         <name>_memcpy</name>
         <value>0x266b9</value>
         <object_component_ref idref="oc-102"/>
      </symbol>
      <symbol id="sm-53f">
         <name>__mpyd</name>
         <value>0x25890</value>
         <object_component_ref idref="oc-106"/>
      </symbol>
      <symbol id="sm-549">
         <name>__negd</name>
         <value>0x26ab2</value>
         <object_component_ref idref="oc-10a"/>
      </symbol>
      <symbol id="sm-553">
         <name>__remli</name>
         <value>0x26852</value>
         <object_component_ref idref="oc-10e"/>
      </symbol>
      <symbol id="sm-55e">
         <name>__remul</name>
         <value>0x263dd</value>
         <object_component_ref idref="oc-112"/>
      </symbol>
      <symbol id="sm-568">
         <name>__subd</name>
         <value>0x26a79</value>
         <object_component_ref idref="oc-116"/>
      </symbol>
      <symbol id="sm-574">
         <name>_HOSTopen</name>
         <value>0x22937</value>
         <object_component_ref idref="oc-11a"/>
      </symbol>
      <symbol id="sm-575">
         <name>_HOSTread</name>
         <value>0x228ac</value>
         <object_component_ref idref="oc-11a"/>
      </symbol>
      <symbol id="sm-576">
         <name>_HOSTtime</name>
         <value>0x22795</value>
         <object_component_ref idref="oc-11a"/>
      </symbol>
      <symbol id="sm-577">
         <name>_getenv</name>
         <value>0x2261e</value>
         <object_component_ref idref="oc-11a"/>
      </symbol>
      <symbol id="sm-578">
         <name>_HOSTrename</name>
         <value>0x227f3</value>
         <object_component_ref idref="oc-11a"/>
      </symbol>
      <symbol id="sm-579">
         <name>_HOSTclock</name>
         <value>0x22af8</value>
         <object_component_ref idref="oc-11a"/>
      </symbol>
      <symbol id="sm-57a">
         <name>_HOSTwrite</name>
         <value>0x2269e</value>
         <object_component_ref idref="oc-11a"/>
      </symbol>
      <symbol id="sm-57b">
         <name>_HOSTlseek</name>
         <value>0x229d8</value>
         <object_component_ref idref="oc-11a"/>
      </symbol>
      <symbol id="sm-57c">
         <name>_HOSTunlink</name>
         <value>0x22729</value>
         <object_component_ref idref="oc-11a"/>
      </symbol>
      <symbol id="sm-57d">
         <name>_HOSTclose</name>
         <value>0x22a8d</value>
         <object_component_ref idref="oc-11a"/>
      </symbol>
      <symbol id="sm-58f">
         <name>C$$IO$$</name>
         <value>0x26004</value>
         <object_component_ref idref="oc-122"/>
      </symbol>
      <symbol id="sm-590">
         <name>__CIOBUF_</name>
         <value>0x40370</value>
         <object_component_ref idref="oc-121"/>
      </symbol>
      <symbol id="sm-591">
         <name>_readmsg</name>
         <value>0x26526</value>
         <object_component_ref idref="oc-11f"/>
      </symbol>
      <symbol id="sm-592">
         <name>_writemsg</name>
         <value>0x25f4b</value>
         <object_component_ref idref="oc-122"/>
      </symbol>
      <symbol id="sm-59a">
         <name>__remu</name>
         <value>0x26a0c</value>
         <object_component_ref idref="oc-125"/>
      </symbol>
      <symbol id="sm-59b">
         <name>__divu</name>
         <value>0x269f7</value>
         <object_component_ref idref="oc-125"/>
      </symbol>
      <symbol id="sm-59c">
         <name>I$$UMOD</name>
         <value>0x26a0c</value>
         <object_component_ref idref="oc-125"/>
      </symbol>
      <symbol id="sm-59d">
         <name>I$$UDIV</name>
         <value>0x269f7</value>
         <object_component_ref idref="oc-125"/>
      </symbol>
      <symbol id="sm-5a7">
         <name>__rd_ok</name>
         <value>0x25eee</value>
         <object_component_ref idref="oc-129"/>
      </symbol>
      <symbol id="sm-5a8">
         <name>__wrt_ok</name>
         <value>0x25e71</value>
         <object_component_ref idref="oc-129"/>
      </symbol>
      <symbol id="sm-5b2">
         <name>__addd</name>
         <value>0x24e51</value>
         <object_component_ref idref="oc-12d"/>
      </symbol>
      <symbol id="sm-5bc">
         <name>__divli</name>
         <value>0x268e6</value>
         <object_component_ref idref="oc-131"/>
      </symbol>
      <symbol id="sm-5c6">
         <name>__doflush</name>
         <value>0x26009</value>
         <object_component_ref idref="oc-135"/>
      </symbol>
      <symbol id="sm-5c7">
         <name>_fflush</name>
         <value>0x2606b</value>
         <object_component_ref idref="oc-135"/>
      </symbol>
      <symbol id="sm-5d1">
         <name>__frcmpyd</name>
         <value>0x262f4</value>
         <object_component_ref idref="oc-139"/>
      </symbol>
      <symbol id="sm-5db">
         <name>_fseek</name>
         <value>0x26591</value>
         <object_component_ref idref="oc-13d"/>
      </symbol>
      <symbol id="sm-5e5">
         <name>_setvbuf</name>
         <value>0x25d7e</value>
         <object_component_ref idref="oc-141"/>
      </symbol>
      <symbol id="sm-5f4">
         <name>__cleanup</name>
         <value>0x24842</value>
         <object_component_ref idref="oc-145"/>
      </symbol>
      <symbol id="sm-5f5">
         <name>_fopen</name>
         <value>0x24960</value>
         <object_component_ref idref="oc-145"/>
      </symbol>
      <symbol id="sm-5f6">
         <name>_freopen</name>
         <value>0x2489a</value>
         <object_component_ref idref="oc-145"/>
      </symbol>
      <symbol id="sm-606">
         <name>__sys_memory</name>
         <value>0x30c0</value>
         <object_component_ref idref="oc-14f"/>
      </symbol>
      <symbol id="sm-607">
         <name>_chkheap</name>
         <value>0x23035</value>
         <object_component_ref idref="oc-14b"/>
      </symbol>
      <symbol id="sm-608">
         <name>_realloc</name>
         <value>0x22d9b</value>
         <object_component_ref idref="oc-14b"/>
      </symbol>
      <symbol id="sm-609">
         <name>_free_memory</name>
         <value>0x22fce</value>
         <object_component_ref idref="oc-14b"/>
      </symbol>
      <symbol id="sm-60a">
         <name>_max_free</name>
         <value>0x22f64</value>
         <object_component_ref idref="oc-14b"/>
      </symbol>
      <symbol id="sm-60b">
         <name>_free</name>
         <value>0x22b56</value>
         <object_component_ref idref="oc-14b"/>
      </symbol>
      <symbol id="sm-60c">
         <name>_calloc</name>
         <value>0x2303d</value>
         <object_component_ref idref="oc-14b"/>
      </symbol>
      <symbol id="sm-60d">
         <name>_malloc</name>
         <value>0x22c9a</value>
         <object_component_ref idref="oc-14b"/>
      </symbol>
      <symbol id="sm-60e">
         <name>_minit</name>
         <value>0x22c28</value>
         <object_component_ref idref="oc-14b"/>
      </symbol>
      <symbol id="sm-618">
         <name>_fclose</name>
         <value>0x2627e</value>
         <object_component_ref idref="oc-152"/>
      </symbol>
      <symbol id="sm-622">
         <name>_remove</name>
         <value>0x26ac2</value>
         <object_component_ref idref="oc-156"/>
      </symbol>
   </symbol_table>
</link_info>
