<?xml version="1.0"?>
<link_info>
   <banner>TMS320C55x Linker PC v4.4.1</banner>
   <copyright>Copyright (c) 1996-2012 Texas Instruments Incorporated</copyright>
   <link_time>0x5c119e7e</link_time>
   <output_file>ProyectoTDS2018.out</output_file>
   <entry_point>
      <name>_c_int00</name>
      <address>0x26ccd</address>
   </entry_point>
   <input_file_list>
      <input_file id="fl-2">
         <path>.\</path>
         <kind>object</kind>
         <file>PLL.obj</file>
         <name>PLL.obj</name>
      </input_file>
      <input_file id="fl-3">
         <path>.\</path>
         <kind>object</kind>
         <file>aic3204.obj</file>
         <name>aic3204.obj</name>
      </input_file>
      <input_file id="fl-4">
         <path>.\</path>
         <kind>object</kind>
         <file>aic3204_init.obj</file>
         <name>aic3204_init.obj</name>
      </input_file>
      <input_file id="fl-5">
         <path>.\</path>
         <kind>object</kind>
         <file>bargraph5515.obj</file>
         <name>bargraph5515.obj</name>
      </input_file>
      <input_file id="fl-6">
         <path>.\</path>
         <kind>object</kind>
         <file>main.obj</file>
         <name>main.obj</name>
      </input_file>
      <input_file id="fl-7">
         <path>.\</path>
         <kind>object</kind>
         <file>oled5515.obj</file>
         <name>oled5515.obj</name>
      </input_file>
      <input_file id="fl-8">
         <path>.\</path>
         <kind>object</kind>
         <file>pushbuttons5515.obj</file>
         <name>pushbuttons5515.obj</name>
      </input_file>
      <input_file id="fl-9">
         <path>.\</path>
         <kind>object</kind>
         <file>stereo.obj</file>
         <name>stereo.obj</name>
      </input_file>
      <input_file id="fl-a">
         <path>.\</path>
         <kind>object</kind>
         <file>usbstk5505.obj</file>
         <name>usbstk5505.obj</name>
      </input_file>
      <input_file id="fl-b">
         <path>.\</path>
         <kind>object</kind>
         <file>usbstk5505_gpio.obj</file>
         <name>usbstk5505_gpio.obj</name>
      </input_file>
      <input_file id="fl-c">
         <path>.\</path>
         <kind>object</kind>
         <file>usbstk5505_i2c.obj</file>
         <name>usbstk5505_i2c.obj</name>
      </input_file>
      <input_file id="fl-d">
         <path>.\</path>
         <kind>object</kind>
         <file>usbstk5505_led.obj</file>
         <name>usbstk5505_led.obj</name>
      </input_file>
      <input_file id="fl-e">
         <path>.\</path>
         <kind>object</kind>
         <file>usbstk5515.obj</file>
         <name>usbstk5515.obj</name>
      </input_file>
      <input_file id="fl-f">
         <path>.\</path>
         <kind>object</kind>
         <file>usbstk5515_gpio.obj</file>
         <name>usbstk5515_gpio.obj</name>
      </input_file>
      <input_file id="fl-10">
         <path>.\</path>
         <kind>object</kind>
         <file>usbstk5515_i2c.obj</file>
         <name>usbstk5515_i2c.obj</name>
      </input_file>
      <input_file id="fl-11">
         <path>.\</path>
         <kind>object</kind>
         <file>usbstk5515_led.obj</file>
         <name>usbstk5515_led.obj</name>
      </input_file>
      <input_file id="fl-17">
         <path>..\</path>
         <kind>archive</kind>
         <file>55xdsph.lib</file>
         <name>cbrev.obj</name>
      </input_file>
      <input_file id="fl-18">
         <path>..\</path>
         <kind>archive</kind>
         <file>55xdsph.lib</file>
         <name>cfft_scale.obj</name>
      </input_file>
      <input_file id="fl-19">
         <path>..\</path>
         <kind>archive</kind>
         <file>55xdsph.lib</file>
         <name>twiddle.obj</name>
      </input_file>
      <input_file id="fl-1a">
         <path>..\</path>
         <kind>archive</kind>
         <file>CSLc55x5h.lib</file>
         <name>csl_pll.obj</name>
      </input_file>
      <input_file id="fl-1b">
         <path>C:\CodeComposerStudio\ccsv6\tools\compiler\c5500_4.4.1\lib\</path>
         <kind>archive</kind>
         <file>rts55h.lib</file>
         <name>addd.obj</name>
      </input_file>
      <input_file id="fl-1c">
         <path>C:\CodeComposerStudio\ccsv6\tools\compiler\c5500_4.4.1\lib\</path>
         <kind>archive</kind>
         <file>rts55h.lib</file>
         <name>boot.obj</name>
      </input_file>
      <input_file id="fl-1d">
         <path>C:\CodeComposerStudio\ccsv6\tools\compiler\c5500_4.4.1\lib\</path>
         <kind>archive</kind>
         <file>rts55h.lib</file>
         <name>cos.obj</name>
      </input_file>
      <input_file id="fl-1e">
         <path>C:\CodeComposerStudio\ccsv6\tools\compiler\c5500_4.4.1\lib\</path>
         <kind>archive</kind>
         <file>rts55h.lib</file>
         <name>divd.obj</name>
      </input_file>
      <input_file id="fl-1f">
         <path>C:\CodeComposerStudio\ccsv6\tools\compiler\c5500_4.4.1\lib\</path>
         <kind>archive</kind>
         <file>rts55h.lib</file>
         <name>exit.obj</name>
      </input_file>
      <input_file id="fl-20">
         <path>C:\CodeComposerStudio\ccsv6\tools\compiler\c5500_4.4.1\lib\</path>
         <kind>archive</kind>
         <file>rts55h.lib</file>
         <name>fixdi.obj</name>
      </input_file>
      <input_file id="fl-21">
         <path>C:\CodeComposerStudio\ccsv6\tools\compiler\c5500_4.4.1\lib\</path>
         <kind>archive</kind>
         <file>rts55h.lib</file>
         <name>fixdli.obj</name>
      </input_file>
      <input_file id="fl-22">
         <path>C:\CodeComposerStudio\ccsv6\tools\compiler\c5500_4.4.1\lib\</path>
         <kind>archive</kind>
         <file>rts55h.lib</file>
         <name>fltid.obj</name>
      </input_file>
      <input_file id="fl-23">
         <path>C:\CodeComposerStudio\ccsv6\tools\compiler\c5500_4.4.1\lib\</path>
         <kind>archive</kind>
         <file>rts55h.lib</file>
         <name>fltlid.obj</name>
      </input_file>
      <input_file id="fl-24">
         <path>C:\CodeComposerStudio\ccsv6\tools\compiler\c5500_4.4.1\lib\</path>
         <kind>archive</kind>
         <file>rts55h.lib</file>
         <name>frcmpyd_div.obj</name>
      </input_file>
      <input_file id="fl-25">
         <path>C:\CodeComposerStudio\ccsv6\tools\compiler\c5500_4.4.1\lib\</path>
         <kind>archive</kind>
         <file>rts55h.lib</file>
         <name>lmpy.obj</name>
      </input_file>
      <input_file id="fl-26">
         <path>C:\CodeComposerStudio\ccsv6\tools\compiler\c5500_4.4.1\lib\</path>
         <kind>archive</kind>
         <file>rts55h.lib</file>
         <name>modf.obj</name>
      </input_file>
      <input_file id="fl-27">
         <path>C:\CodeComposerStudio\ccsv6\tools\compiler\c5500_4.4.1\lib\</path>
         <kind>archive</kind>
         <file>rts55h.lib</file>
         <name>mpyd.obj</name>
      </input_file>
      <input_file id="fl-28">
         <path>C:\CodeComposerStudio\ccsv6\tools\compiler\c5500_4.4.1\lib\</path>
         <kind>archive</kind>
         <file>rts55h.lib</file>
         <name>negd.obj</name>
      </input_file>
      <input_file id="fl-29">
         <path>C:\CodeComposerStudio\ccsv6\tools\compiler\c5500_4.4.1\lib\</path>
         <kind>archive</kind>
         <file>rts55h.lib</file>
         <name>printf.obj</name>
      </input_file>
      <input_file id="fl-2a">
         <path>C:\CodeComposerStudio\ccsv6\tools\compiler\c5500_4.4.1\lib\</path>
         <kind>archive</kind>
         <file>rts55h.lib</file>
         <name>round.obj</name>
      </input_file>
      <input_file id="fl-2b">
         <path>C:\CodeComposerStudio\ccsv6\tools\compiler\c5500_4.4.1\lib\</path>
         <kind>archive</kind>
         <file>rts55h.lib</file>
         <name>sprintf.obj</name>
      </input_file>
      <input_file id="fl-2c">
         <path>C:\CodeComposerStudio\ccsv6\tools\compiler\c5500_4.4.1\lib\</path>
         <kind>archive</kind>
         <file>rts55h.lib</file>
         <name>subd.obj</name>
      </input_file>
      <input_file id="fl-2d">
         <path>C:\CodeComposerStudio\ccsv6\tools\compiler\c5500_4.4.1\lib\</path>
         <kind>archive</kind>
         <file>rts55h.lib</file>
         <name>trunc.obj</name>
      </input_file>
      <input_file id="fl-2e">
         <path>C:\CodeComposerStudio\ccsv6\tools\compiler\c5500_4.4.1\lib\</path>
         <kind>archive</kind>
         <file>rts55h.lib</file>
         <name>vectors.obj</name>
      </input_file>
      <input_file id="fl-2f">
         <path>C:\CodeComposerStudio\ccsv6\tools\compiler\c5500_4.4.1\lib\</path>
         <kind>archive</kind>
         <file>rts55h.lib</file>
         <name>_lock.obj</name>
      </input_file>
      <input_file id="fl-30">
         <path>C:\CodeComposerStudio\ccsv6\tools\compiler\c5500_4.4.1\lib\</path>
         <kind>archive</kind>
         <file>rts55h.lib</file>
         <name>_printfi.obj</name>
      </input_file>
      <input_file id="fl-31">
         <path>C:\CodeComposerStudio\ccsv6\tools\compiler\c5500_4.4.1\lib\</path>
         <kind>archive</kind>
         <file>rts55h.lib</file>
         <name>args_main.obj</name>
      </input_file>
      <input_file id="fl-32">
         <path>C:\CodeComposerStudio\ccsv6\tools\compiler\c5500_4.4.1\lib\</path>
         <kind>archive</kind>
         <file>rts55h.lib</file>
         <name>atoi.obj</name>
      </input_file>
      <input_file id="fl-33">
         <path>C:\CodeComposerStudio\ccsv6\tools\compiler\c5500_4.4.1\lib\</path>
         <kind>archive</kind>
         <file>rts55h.lib</file>
         <name>autoinit.obj</name>
      </input_file>
      <input_file id="fl-34">
         <path>C:\CodeComposerStudio\ccsv6\tools\compiler\c5500_4.4.1\lib\</path>
         <kind>archive</kind>
         <file>rts55h.lib</file>
         <name>cmpd.obj</name>
      </input_file>
      <input_file id="fl-35">
         <path>C:\CodeComposerStudio\ccsv6\tools\compiler\c5500_4.4.1\lib\</path>
         <kind>archive</kind>
         <file>rts55h.lib</file>
         <name>ctype.obj</name>
      </input_file>
      <input_file id="fl-36">
         <path>C:\CodeComposerStudio\ccsv6\tools\compiler\c5500_4.4.1\lib\</path>
         <kind>archive</kind>
         <file>rts55h.lib</file>
         <name>defs.obj</name>
      </input_file>
      <input_file id="fl-37">
         <path>C:\CodeComposerStudio\ccsv6\tools\compiler\c5500_4.4.1\lib\</path>
         <kind>archive</kind>
         <file>rts55h.lib</file>
         <name>divul.obj</name>
      </input_file>
      <input_file id="fl-38">
         <path>C:\CodeComposerStudio\ccsv6\tools\compiler\c5500_4.4.1\lib\</path>
         <kind>archive</kind>
         <file>rts55h.lib</file>
         <name>fputc.obj</name>
      </input_file>
      <input_file id="fl-39">
         <path>C:\CodeComposerStudio\ccsv6\tools\compiler\c5500_4.4.1\lib\</path>
         <kind>archive</kind>
         <file>rts55h.lib</file>
         <name>fputs.obj</name>
      </input_file>
      <input_file id="fl-3a">
         <path>C:\CodeComposerStudio\ccsv6\tools\compiler\c5500_4.4.1\lib\</path>
         <kind>archive</kind>
         <file>rts55h.lib</file>
         <name>frcmpyd.obj</name>
      </input_file>
      <input_file id="fl-3b">
         <path>C:\CodeComposerStudio\ccsv6\tools\compiler\c5500_4.4.1\lib\</path>
         <kind>archive</kind>
         <file>rts55h.lib</file>
         <name>isinf.obj</name>
      </input_file>
      <input_file id="fl-3c">
         <path>C:\CodeComposerStudio\ccsv6\tools\compiler\c5500_4.4.1\lib\</path>
         <kind>archive</kind>
         <file>rts55h.lib</file>
         <name>llmpy.obj</name>
      </input_file>
      <input_file id="fl-3d">
         <path>C:\CodeComposerStudio\ccsv6\tools\compiler\c5500_4.4.1\lib\</path>
         <kind>archive</kind>
         <file>rts55h.lib</file>
         <name>lowlev.obj</name>
      </input_file>
      <input_file id="fl-3e">
         <path>C:\CodeComposerStudio\ccsv6\tools\compiler\c5500_4.4.1\lib\</path>
         <kind>archive</kind>
         <file>rts55h.lib</file>
         <name>ltoa.obj</name>
      </input_file>
      <input_file id="fl-3f">
         <path>C:\CodeComposerStudio\ccsv6\tools\compiler\c5500_4.4.1\lib\</path>
         <kind>archive</kind>
         <file>rts55h.lib</file>
         <name>memccpy.obj</name>
      </input_file>
      <input_file id="fl-40">
         <path>C:\CodeComposerStudio\ccsv6\tools\compiler\c5500_4.4.1\lib\</path>
         <kind>archive</kind>
         <file>rts55h.lib</file>
         <name>memcpy.obj</name>
      </input_file>
      <input_file id="fl-41">
         <path>C:\CodeComposerStudio\ccsv6\tools\compiler\c5500_4.4.1\lib\</path>
         <kind>archive</kind>
         <file>rts55h.lib</file>
         <name>remli.obj</name>
      </input_file>
      <input_file id="fl-42">
         <path>C:\CodeComposerStudio\ccsv6\tools\compiler\c5500_4.4.1\lib\</path>
         <kind>archive</kind>
         <file>rts55h.lib</file>
         <name>remul.obj</name>
      </input_file>
      <input_file id="fl-43">
         <path>C:\CodeComposerStudio\ccsv6\tools\compiler\c5500_4.4.1\lib\</path>
         <kind>archive</kind>
         <file>rts55h.lib</file>
         <name>trgdrv.obj</name>
      </input_file>
      <input_file id="fl-44">
         <path>C:\CodeComposerStudio\ccsv6\tools\compiler\c5500_4.4.1\lib\</path>
         <kind>archive</kind>
         <file>rts55h.lib</file>
         <name>trgmsg.obj</name>
      </input_file>
      <input_file id="fl-45">
         <path>C:\CodeComposerStudio\ccsv6\tools\compiler\c5500_4.4.1\lib\</path>
         <kind>archive</kind>
         <file>rts55h.lib</file>
         <name>udiv.obj</name>
      </input_file>
      <input_file id="fl-46">
         <path>C:\CodeComposerStudio\ccsv6\tools\compiler\c5500_4.4.1\lib\</path>
         <kind>archive</kind>
         <file>rts55h.lib</file>
         <name>_io_perm.obj</name>
      </input_file>
      <input_file id="fl-47">
         <path>C:\CodeComposerStudio\ccsv6\tools\compiler\c5500_4.4.1\lib\</path>
         <kind>archive</kind>
         <file>rts55h.lib</file>
         <name>divli.obj</name>
      </input_file>
      <input_file id="fl-48">
         <path>C:\CodeComposerStudio\ccsv6\tools\compiler\c5500_4.4.1\lib\</path>
         <kind>archive</kind>
         <file>rts55h.lib</file>
         <name>fflush.obj</name>
      </input_file>
      <input_file id="fl-49">
         <path>C:\CodeComposerStudio\ccsv6\tools\compiler\c5500_4.4.1\lib\</path>
         <kind>archive</kind>
         <file>rts55h.lib</file>
         <name>fseek.obj</name>
      </input_file>
      <input_file id="fl-4a">
         <path>C:\CodeComposerStudio\ccsv6\tools\compiler\c5500_4.4.1\lib\</path>
         <kind>archive</kind>
         <file>rts55h.lib</file>
         <name>setvbuf.obj</name>
      </input_file>
      <input_file id="fl-4b">
         <path>C:\CodeComposerStudio\ccsv6\tools\compiler\c5500_4.4.1\lib\</path>
         <kind>archive</kind>
         <file>rts55h.lib</file>
         <name>fopen.obj</name>
      </input_file>
      <input_file id="fl-4c">
         <path>C:\CodeComposerStudio\ccsv6\tools\compiler\c5500_4.4.1\lib\</path>
         <kind>archive</kind>
         <file>rts55h.lib</file>
         <name>memory.obj</name>
      </input_file>
      <input_file id="fl-4d">
         <path>C:\CodeComposerStudio\ccsv6\tools\compiler\c5500_4.4.1\lib\</path>
         <kind>archive</kind>
         <file>rts55h.lib</file>
         <name>fclose.obj</name>
      </input_file>
      <input_file id="fl-4e">
         <path>C:\CodeComposerStudio\ccsv6\tools\compiler\c5500_4.4.1\lib\</path>
         <kind>archive</kind>
         <file>rts55h.lib</file>
         <name>remove.obj</name>
      </input_file>
   </input_file_list>
   <object_component_list>
      <object_component id="oc-e2">
         <name>.text</name>
         <load_address>0x20000</load_address>
         <run_address>0x20000</run_address>
         <size>0x1533</size>
         <input_file_ref idref="fl-30"/>
      </object_component>
      <object_component id="oc-34">
         <name>.text</name>
         <load_address>0x21533</load_address>
         <run_address>0x21533</run_address>
         <size>0x850</size>
         <input_file_ref idref="fl-7"/>
      </object_component>
      <object_component id="oc-2b">
         <name>.text</name>
         <load_address>0x21d83</load_address>
         <run_address>0x21d83</run_address>
         <size>0x5b8</size>
         <input_file_ref idref="fl-6"/>
      </object_component>
      <object_component id="oc-131">
         <name>.text</name>
         <load_address>0x2233b</load_address>
         <run_address>0x2233b</run_address>
         <size>0x538</size>
         <input_file_ref idref="fl-43"/>
      </object_component>
      <object_component id="oc-15a">
         <name>.text</name>
         <load_address>0x22873</load_address>
         <run_address>0x22873</run_address>
         <size>0x533</size>
         <input_file_ref idref="fl-4c"/>
      </object_component>
      <object_component id="oc-20">
         <name>.text</name>
         <load_address>0x22da6</load_address>
         <run_address>0x22da6</run_address>
         <size>0x522</size>
         <input_file_ref idref="fl-4"/>
      </object_component>
      <object_component id="oc-117">
         <name>.text</name>
         <load_address>0x232c8</load_address>
         <run_address>0x232c8</run_address>
         <size>0x518</size>
         <input_file_ref idref="fl-3d"/>
      </object_component>
      <object_component id="oc-91">
         <name>.text</name>
         <load_address>0x237e0</load_address>
         <run_address>0x237e0</run_address>
         <size>0x3c7</size>
         <input_file_ref idref="fl-1e"/>
      </object_component>
      <object_component id="oc-12">
         <name>.text</name>
         <load_address>0x23ba7</load_address>
         <run_address>0x23ba7</run_address>
         <size>0x340</size>
         <input_file_ref idref="fl-2"/>
      </object_component>
      <object_component id="oc-3b">
         <name>.text</name>
         <load_address>0x23ee7</load_address>
         <run_address>0x23ee7</run_address>
         <size>0x2b6</size>
         <input_file_ref idref="fl-8"/>
      </object_component>
      <object_component id="oc-7d">
         <name>.text</name>
         <load_address>0x2419d</load_address>
         <run_address>0x2419d</run_address>
         <size>0x2ad</size>
         <input_file_ref idref="fl-1a"/>
      </object_component>
      <object_component id="oc-154">
         <name>.text</name>
         <load_address>0x2444a</load_address>
         <run_address>0x2444a</run_address>
         <size>0x26c</size>
         <input_file_ref idref="fl-4b"/>
      </object_component>
      <object_component id="oc-26">
         <name>.text</name>
         <load_address>0x246b6</load_address>
         <run_address>0x246b6</run_address>
         <size>0x25c</size>
         <input_file_ref idref="fl-5"/>
      </object_component>
      <object_component id="oc-113">
         <name>.text</name>
         <load_address>0x24912</load_address>
         <run_address>0x24912</run_address>
         <size>0x25c</size>
         <input_file_ref idref="fl-3c"/>
      </object_component>
      <object_component id="oc-82">
         <name>.text</name>
         <load_address>0x24b6e</load_address>
         <run_address>0x24b6e</run_address>
         <size>0x257</size>
         <input_file_ref idref="fl-1b"/>
      </object_component>
      <object_component id="oc-8a">
         <name>.text</name>
         <load_address>0x24dc5</load_address>
         <run_address>0x24dc5</run_address>
         <size>0x219</size>
         <input_file_ref idref="fl-1d"/>
      </object_component>
      <object_component id="oc-77">
         <name>.text</name>
         <load_address>0x24fde</load_address>
         <run_address>0x24fde</run_address>
         <size>0x1ee</size>
         <input_file_ref idref="fl-18"/>
      </object_component>
      <object_component id="oc-f4">
         <name>.text</name>
         <load_address>0x251cc</load_address>
         <run_address>0x251cc</run_address>
         <size>0x1ea</size>
         <input_file_ref idref="fl-34"/>
      </object_component>
      <object_component id="oc-6e">
         <name>.text</name>
         <load_address>0x253b6</load_address>
         <run_address>0x253b6</run_address>
         <size>0x1c9</size>
         <input_file_ref idref="fl-11"/>
      </object_component>
      <object_component id="oc-106">
         <name>.text</name>
         <load_address>0x2557f</load_address>
         <run_address>0x2557f</run_address>
         <size>0x17b</size>
         <input_file_ref idref="fl-39"/>
      </object_component>
      <object_component id="oc-4c">
         <name>.text</name>
         <load_address>0x256fa</load_address>
         <run_address>0x256fa</run_address>
         <size>0x164</size>
         <input_file_ref idref="fl-b"/>
      </object_component>
      <object_component id="oc-62">
         <name>.text</name>
         <load_address>0x2585e</load_address>
         <run_address>0x2585e</run_address>
         <size>0x156</size>
         <input_file_ref idref="fl-f"/>
      </object_component>
      <object_component id="oc-ba">
         <name>.text</name>
         <load_address>0x259b4</load_address>
         <run_address>0x259b4</run_address>
         <size>0x14b</size>
         <input_file_ref idref="fl-27"/>
      </object_component>
      <object_component id="oc-67">
         <name>.text</name>
         <load_address>0x25aff</load_address>
         <run_address>0x25aff</run_address>
         <size>0x13e</size>
         <input_file_ref idref="fl-10"/>
      </object_component>
      <object_component id="oc-1a">
         <name>.text</name>
         <load_address>0x25c3d</load_address>
         <run_address>0x25c3d</run_address>
         <size>0x13b</size>
         <input_file_ref idref="fl-3"/>
      </object_component>
      <object_component id="oc-51">
         <name>.text</name>
         <load_address>0x25d78</load_address>
         <run_address>0x25d78</run_address>
         <size>0x12a</size>
         <input_file_ref idref="fl-c"/>
      </object_component>
      <object_component id="oc-150">
         <name>.text</name>
         <load_address>0x25ea2</load_address>
         <run_address>0x25ea2</run_address>
         <size>0xf3</size>
         <input_file_ref idref="fl-4a"/>
      </object_component>
      <object_component id="oc-73">
         <name>.text:cbrev</name>
         <load_address>0x25f95</load_address>
         <run_address>0x25f95</run_address>
         <size>0xde</size>
         <input_file_ref idref="fl-17"/>
      </object_component>
      <object_component id="oc-140">
         <name>.text</name>
         <load_address>0x26073</load_address>
         <run_address>0x26073</run_address>
         <size>0xda</size>
         <input_file_ref idref="fl-46"/>
      </object_component>
      <object_component id="oc-139">
         <name>.text:CIO_breakpoint</name>
         <load_address>0x2614d</load_address>
         <run_address>0x2614d</run_address>
         <size>0xbe</size>
         <input_file_ref idref="fl-44"/>
      </object_component>
      <object_component id="oc-b5">
         <name>.text</name>
         <load_address>0x2620b</load_address>
         <run_address>0x2620b</run_address>
         <size>0xbd</size>
         <input_file_ref idref="fl-26"/>
      </object_component>
      <object_component id="oc-148">
         <name>.text</name>
         <load_address>0x262c8</load_address>
         <run_address>0x262c8</run_address>
         <size>0xba</size>
         <input_file_ref idref="fl-48"/>
      </object_component>
      <object_component id="oc-102">
         <name>.text</name>
         <load_address>0x26382</load_address>
         <run_address>0x26382</run_address>
         <size>0xa2</size>
         <input_file_ref idref="fl-38"/>
      </object_component>
      <object_component id="oc-fe">
         <name>.text</name>
         <load_address>0x26424</load_address>
         <run_address>0x26424</run_address>
         <size>0xa0</size>
         <input_file_ref idref="fl-37"/>
      </object_component>
      <object_component id="oc-11d">
         <name>.text</name>
         <load_address>0x264c4</load_address>
         <run_address>0x264c4</run_address>
         <size>0x79</size>
         <input_file_ref idref="fl-3e"/>
      </object_component>
      <object_component id="oc-161">
         <name>.text</name>
         <load_address>0x2653d</load_address>
         <run_address>0x2653d</run_address>
         <size>0x76</size>
         <input_file_ref idref="fl-4d"/>
      </object_component>
      <object_component id="oc-10b">
         <name>.text</name>
         <load_address>0x265b3</load_address>
         <run_address>0x265b3</run_address>
         <size>0x76</size>
         <input_file_ref idref="fl-3a"/>
      </object_component>
      <object_component id="oc-ad">
         <name>.text</name>
         <load_address>0x26629</load_address>
         <run_address>0x26629</run_address>
         <size>0x73</size>
         <input_file_ref idref="fl-24"/>
      </object_component>
      <object_component id="oc-12d">
         <name>.text</name>
         <load_address>0x2669c</load_address>
         <run_address>0x2669c</run_address>
         <size>0x70</size>
         <input_file_ref idref="fl-42"/>
      </object_component>
      <object_component id="oc-a0">
         <name>.text</name>
         <load_address>0x2670c</load_address>
         <run_address>0x2670c</run_address>
         <size>0x6e</size>
         <input_file_ref idref="fl-21"/>
      </object_component>
      <object_component id="oc-cb">
         <name>.text</name>
         <load_address>0x2677a</load_address>
         <run_address>0x2677a</run_address>
         <size>0x6b</size>
         <input_file_ref idref="fl-2b"/>
      </object_component>
      <object_component id="oc-136">
         <name>.text</name>
         <load_address>0x267e5</load_address>
         <run_address>0x267e5</run_address>
         <size>0x6b</size>
         <input_file_ref idref="fl-44"/>
      </object_component>
      <object_component id="oc-14c">
         <name>.text</name>
         <load_address>0x26850</load_address>
         <run_address>0x26850</run_address>
         <size>0x68</size>
         <input_file_ref idref="fl-49"/>
      </object_component>
      <object_component id="oc-a8">
         <name>.text</name>
         <load_address>0x268b8</load_address>
         <run_address>0x268b8</run_address>
         <size>0x67</size>
         <input_file_ref idref="fl-23"/>
      </object_component>
      <object_component id="oc-c6">
         <name>.text</name>
         <load_address>0x2691f</load_address>
         <run_address>0x2691f</run_address>
         <size>0x60</size>
         <input_file_ref idref="fl-2a"/>
      </object_component>
      <object_component id="oc-ec">
         <name>.text</name>
         <load_address>0x2697f</load_address>
         <run_address>0x2697f</run_address>
         <size>0x59</size>
         <input_file_ref idref="fl-32"/>
      </object_component>
      <object_component id="oc-125">
         <name>.text</name>
         <load_address>0x269d8</load_address>
         <run_address>0x269d8</run_address>
         <size>0x56</size>
         <input_file_ref idref="fl-40"/>
      </object_component>
      <object_component id="oc-47">
         <name>.text</name>
         <load_address>0x26a2e</load_address>
         <run_address>0x26a2e</run_address>
         <size>0x54</size>
         <input_file_ref idref="fl-a"/>
      </object_component>
      <object_component id="oc-5d">
         <name>.text</name>
         <load_address>0x26a82</load_address>
         <run_address>0x26a82</run_address>
         <size>0x54</size>
         <input_file_ref idref="fl-e"/>
      </object_component>
      <object_component id="oc-c2">
         <name>.text</name>
         <load_address>0x26ad6</load_address>
         <run_address>0x26ad6</run_address>
         <size>0x4e</size>
         <input_file_ref idref="fl-29"/>
      </object_component>
      <object_component id="oc-f0">
         <name>.text</name>
         <load_address>0x26b24</load_address>
         <run_address>0x26b24</run_address>
         <size>0x4d</size>
         <input_file_ref idref="fl-33"/>
      </object_component>
      <object_component id="oc-129">
         <name>.text</name>
         <load_address>0x26b71</load_address>
         <run_address>0x26b71</run_address>
         <size>0x4b</size>
         <input_file_ref idref="fl-41"/>
      </object_component>
      <object_component id="oc-e8">
         <name>.text</name>
         <load_address>0x26bbc</load_address>
         <run_address>0x26bbc</run_address>
         <size>0x49</size>
         <input_file_ref idref="fl-31"/>
      </object_component>
      <object_component id="oc-144">
         <name>.text</name>
         <load_address>0x26c05</load_address>
         <run_address>0x26c05</run_address>
         <size>0x48</size>
         <input_file_ref idref="fl-47"/>
      </object_component>
      <object_component id="oc-d3">
         <name>.text</name>
         <load_address>0x26c4d</load_address>
         <run_address>0x26c4d</run_address>
         <size>0x42</size>
         <input_file_ref idref="fl-2d"/>
      </object_component>
      <object_component id="oc-95">
         <name>.text</name>
         <load_address>0x26c8f</load_address>
         <run_address>0x26c8f</run_address>
         <size>0x3e</size>
         <input_file_ref idref="fl-1f"/>
      </object_component>
      <object_component id="oc-10">
         <name>.text</name>
         <load_address>0x26ccd</load_address>
         <run_address>0x26ccd</run_address>
         <size>0x34</size>
         <input_file_ref idref="fl-1c"/>
      </object_component>
      <object_component id="oc-58">
         <name>.text</name>
         <load_address>0x26d01</load_address>
         <run_address>0x26d01</run_address>
         <size>0x2d</size>
         <input_file_ref idref="fl-d"/>
      </object_component>
      <object_component id="oc-9c">
         <name>.text</name>
         <load_address>0x26d2e</load_address>
         <run_address>0x26d2e</run_address>
         <size>0x2a</size>
         <input_file_ref idref="fl-20"/>
      </object_component>
      <object_component id="oc-13c">
         <name>.text</name>
         <load_address>0x26d58</load_address>
         <run_address>0x26d58</run_address>
         <size>0x2a</size>
         <input_file_ref idref="fl-45"/>
      </object_component>
      <object_component id="oc-121">
         <name>.text</name>
         <load_address>0x26d82</load_address>
         <run_address>0x26d82</run_address>
         <size>0x22</size>
         <input_file_ref idref="fl-3f"/>
      </object_component>
      <object_component id="oc-42">
         <name>.text</name>
         <load_address>0x26da4</load_address>
         <run_address>0x26da4</run_address>
         <size>0x1c</size>
         <input_file_ref idref="fl-9"/>
      </object_component>
      <object_component id="oc-10f">
         <name>.text</name>
         <load_address>0x26dc0</load_address>
         <run_address>0x26dc0</run_address>
         <size>0x1a</size>
         <input_file_ref idref="fl-3b"/>
      </object_component>
      <object_component id="oc-cf">
         <name>.text</name>
         <load_address>0x26dda</load_address>
         <run_address>0x26dda</run_address>
         <size>0x14</size>
         <input_file_ref idref="fl-2c"/>
      </object_component>
      <object_component id="oc-b1">
         <name>.text</name>
         <load_address>0x26dee</load_address>
         <run_address>0x26dee</run_address>
         <size>0x13</size>
         <input_file_ref idref="fl-25"/>
      </object_component>
      <object_component id="oc-dc">
         <name>.text</name>
         <load_address>0x26e01</load_address>
         <run_address>0x26e01</run_address>
         <size>0x12</size>
         <input_file_ref idref="fl-2f"/>
      </object_component>
      <object_component id="oc-be">
         <name>.text</name>
         <load_address>0x26e13</load_address>
         <run_address>0x26e13</run_address>
         <size>0x10</size>
         <input_file_ref idref="fl-28"/>
      </object_component>
      <object_component id="oc-a4">
         <name>.text</name>
         <load_address>0x26e23</load_address>
         <run_address>0x26e23</run_address>
         <size>0xc</size>
         <input_file_ref idref="fl-22"/>
      </object_component>
      <object_component id="oc-165">
         <name>.text</name>
         <load_address>0x26e2f</load_address>
         <run_address>0x26e2f</run_address>
         <size>0xa</size>
         <input_file_ref idref="fl-4e"/>
      </object_component>
      <object_component id="oc-99">
         <name>.text:CIO_breakpoint</name>
         <load_address>0x26e39</load_address>
         <run_address>0x26e39</run_address>
         <size>0x7</size>
         <input_file_ref idref="fl-1f"/>
      </object_component>
      <object_component id="oc-d8">
         <name>.text</name>
         <load_address>0x26e40</load_address>
         <run_address>0x26e40</run_address>
         <size>0x2</size>
         <input_file_ref idref="fl-2e"/>
      </object_component>
      <object_component id="oc-86">
         <name>.stack</name>
         <uninitialized>true</uninitialized>
         <run_address>0xc0</run_address>
         <size>0x0</size>
         <input_file_ref idref="fl-1c"/>
      </object_component>
      <object_component id="oc-183">
         <name>.stack</name>
         <uninitialized>true</uninitialized>
         <run_address>0xc0</run_address>
         <size>0x0</size>
      </object_component>
      <object_component id="oc-169">
         <name>.sysstack</name>
         <uninitialized>true</uninitialized>
         <run_address>0x20c0</run_address>
         <size>0x0</size>
         <input_file_ref idref="fl-1c"/>
      </object_component>
      <object_component id="oc-185">
         <name>.sysstack</name>
         <uninitialized>true</uninitialized>
         <run_address>0x20c0</run_address>
         <size>0x0</size>
      </object_component>
      <object_component id="oc-7c">
         <name>.data:twiddle</name>
         <load_address>0x8be0</load_address>
         <run_address>0x8be0</run_address>
         <size>0x800</size>
         <input_file_ref idref="fl-19"/>
      </object_component>
      <object_component id="oc-2c">
         <name>.bss</name>
         <uninitialized>true</uninitialized>
         <run_address>0x30c0</run_address>
         <size>0x289a</size>
         <input_file_ref idref="fl-6"/>
      </object_component>
      <object_component id="oc-155">
         <name>.bss</name>
         <uninitialized>true</uninitialized>
         <run_address>0x595a</run_address>
         <size>0x2</size>
         <input_file_ref idref="fl-4b"/>
      </object_component>
      <object_component id="oc-fa">
         <name>.bss</name>
         <uninitialized>true</uninitialized>
         <run_address>0x595c</run_address>
         <size>0x232</size>
         <input_file_ref idref="fl-36"/>
      </object_component>
      <object_component id="oc-132">
         <name>.bss</name>
         <uninitialized>true</uninitialized>
         <run_address>0x5b8e</run_address>
         <size>0x1a0</size>
         <input_file_ref idref="fl-43"/>
      </object_component>
      <object_component id="oc-35">
         <name>.bss</name>
         <uninitialized>true</uninitialized>
         <run_address>0x5d2e</run_address>
         <size>0x178</size>
         <input_file_ref idref="fl-7"/>
      </object_component>
      <object_component id="oc-52">
         <name>.bss</name>
         <uninitialized>true</uninitialized>
         <run_address>0x5ea6</run_address>
         <size>0x2</size>
         <input_file_ref idref="fl-c"/>
      </object_component>
      <object_component id="oc-118">
         <name>.bss</name>
         <uninitialized>true</uninitialized>
         <run_address>0x5ea8</run_address>
         <size>0xe2</size>
         <input_file_ref idref="fl-3d"/>
      </object_component>
      <object_component id="oc-68">
         <name>.bss</name>
         <uninitialized>true</uninitialized>
         <run_address>0x5f8a</run_address>
         <size>0x2</size>
         <input_file_ref idref="fl-10"/>
      </object_component>
      <object_component id="oc-13">
         <name>.bss</name>
         <uninitialized>true</uninitialized>
         <run_address>0x5f8c</run_address>
         <size>0x6c</size>
         <input_file_ref idref="fl-2"/>
      </object_component>
      <object_component id="oc-3c">
         <name>.bss</name>
         <uninitialized>true</uninitialized>
         <run_address>0x5ff8</run_address>
         <size>0x18</size>
         <input_file_ref idref="fl-8"/>
      </object_component>
      <object_component id="oc-8b">
         <name>.bss</name>
         <uninitialized>true</uninitialized>
         <run_address>0x6010</run_address>
         <size>0x10</size>
         <input_file_ref idref="fl-1d"/>
      </object_component>
      <object_component id="oc-15b">
         <name>.bss</name>
         <uninitialized>true</uninitialized>
         <run_address>0x6020</run_address>
         <size>0xe</size>
         <input_file_ref idref="fl-4c"/>
      </object_component>
      <object_component id="oc-78">
         <name>.bss</name>
         <uninitialized>true</uninitialized>
         <run_address>0x6030</run_address>
         <size>0x8</size>
         <input_file_ref idref="fl-18"/>
      </object_component>
      <object_component id="oc-dd">
         <name>.bss</name>
         <uninitialized>true</uninitialized>
         <run_address>0x6038</run_address>
         <size>0x8</size>
         <input_file_ref idref="fl-2f"/>
      </object_component>
      <object_component id="oc-96">
         <name>.bss</name>
         <uninitialized>true</uninitialized>
         <run_address>0x6040</run_address>
         <size>0x8</size>
         <input_file_ref idref="fl-1f"/>
      </object_component>
      <object_component id="oc-1b">
         <name>.bss</name>
         <uninitialized>true</uninitialized>
         <run_address>0x6048</run_address>
         <size>0x4</size>
         <input_file_ref idref="fl-3"/>
      </object_component>
      <object_component id="oc-16">
         <name>.const:.string</name>
         <load_address>0x804c</load_address>
         <run_address>0x804c</run_address>
         <size>0x46c</size>
         <input_file_ref idref="fl-2"/>
      </object_component>
      <object_component id="oc-22">
         <name>.const:.string</name>
         <load_address>0x84b8</load_address>
         <run_address>0x84b8</run_address>
         <size>0x2e8</size>
         <input_file_ref idref="fl-4"/>
      </object_component>
      <object_component id="oc-16b">
         <name>.const:__ctypes_</name>
         <load_address>0x87a0</load_address>
         <run_address>0x87a0</run_address>
         <size>0x202</size>
         <input_file_ref idref="fl-35"/>
      </object_component>
      <object_component id="oc-30">
         <name>.const:.string</name>
         <load_address>0x89a4</load_address>
         <run_address>0x89a4</run_address>
         <size>0x150</size>
         <input_file_ref idref="fl-6"/>
      </object_component>
      <object_component id="oc-e5">
         <name>.const:.string</name>
         <load_address>0x8af4</load_address>
         <run_address>0x8af4</run_address>
         <size>0x48</size>
         <input_file_ref idref="fl-30"/>
      </object_component>
      <object_component id="oc-8e">
         <name>.const</name>
         <load_address>0x8b3c</load_address>
         <run_address>0x8b3c</run_address>
         <size>0x2c</size>
         <input_file_ref idref="fl-1d"/>
      </object_component>
      <object_component id="oc-2f">
         <name>.const</name>
         <load_address>0x8b68</load_address>
         <run_address>0x8b68</run_address>
         <size>0x24</size>
         <input_file_ref idref="fl-6"/>
      </object_component>
      <object_component id="oc-e4">
         <name>.const</name>
         <load_address>0x8b8c</load_address>
         <run_address>0x8b8c</run_address>
         <size>0x18</size>
         <input_file_ref idref="fl-30"/>
      </object_component>
      <object_component id="oc-16a">
         <name>.const:_initial_approx$1</name>
         <load_address>0x8ba4</load_address>
         <run_address>0x8ba4</run_address>
         <size>0x10</size>
         <input_file_ref idref="fl-1e"/>
      </object_component>
      <object_component id="oc-c8">
         <name>.const</name>
         <load_address>0x8bb4</load_address>
         <run_address>0x8bb4</run_address>
         <size>0x10</size>
         <input_file_ref idref="fl-2a"/>
      </object_component>
      <object_component id="oc-b7">
         <name>.const</name>
         <load_address>0x8bc4</load_address>
         <run_address>0x8bc4</run_address>
         <size>0xc</size>
         <input_file_ref idref="fl-26"/>
      </object_component>
      <object_component id="oc-d5">
         <name>.const</name>
         <load_address>0x8bd0</load_address>
         <run_address>0x8bd0</run_address>
         <size>0x8</size>
         <input_file_ref idref="fl-2d"/>
      </object_component>
      <object_component id="oc-108">
         <name>.const:.string</name>
         <load_address>0x8bd8</load_address>
         <run_address>0x8bd8</run_address>
         <size>0x4</size>
         <input_file_ref idref="fl-39"/>
      </object_component>
      <object_component id="oc-aa">
         <name>.const</name>
         <load_address>0x8bdc</load_address>
         <run_address>0x8bdc</run_address>
         <size>0x4</size>
         <input_file_ref idref="fl-23"/>
      </object_component>
      <object_component id="oc-15e">
         <name>.sysmem</name>
         <uninitialized>true</uninitialized>
         <run_address>0x604c</run_address>
         <size>0x0</size>
         <input_file_ref idref="fl-4c"/>
      </object_component>
      <object_component id="oc-184">
         <name>.sysmem</name>
         <uninitialized>true</uninitialized>
         <run_address>0x604c</run_address>
         <size>0x0</size>
      </object_component>
      <object_component id="oc-37">
         <name>.cinit</name>
         <load_address>0x40000</load_address>
         <run_address>0x40000</run_address>
         <size>0x184</size>
         <input_file_ref idref="fl-7"/>
      </object_component>
      <object_component id="oc-15">
         <name>.cinit</name>
         <load_address>0x40184</load_address>
         <run_address>0x40184</run_address>
         <size>0x8c</size>
         <input_file_ref idref="fl-2"/>
      </object_component>
      <object_component id="oc-11a">
         <name>.cinit</name>
         <load_address>0x40210</load_address>
         <run_address>0x40210</run_address>
         <size>0x5a</size>
         <input_file_ref idref="fl-3d"/>
      </object_component>
      <object_component id="oc-2e">
         <name>.cinit</name>
         <load_address>0x4026a</load_address>
         <run_address>0x4026a</run_address>
         <size>0x54</size>
         <input_file_ref idref="fl-6"/>
      </object_component>
      <object_component id="oc-fc">
         <name>.cinit</name>
         <load_address>0x402be</load_address>
         <run_address>0x402be</run_address>
         <size>0x54</size>
         <input_file_ref idref="fl-36"/>
      </object_component>
      <object_component id="oc-3e">
         <name>.cinit</name>
         <load_address>0x40312</load_address>
         <run_address>0x40312</run_address>
         <size>0x48</size>
         <input_file_ref idref="fl-8"/>
      </object_component>
      <object_component id="oc-8d">
         <name>.cinit</name>
         <load_address>0x4035a</load_address>
         <run_address>0x4035a</run_address>
         <size>0x16</size>
         <input_file_ref idref="fl-1d"/>
      </object_component>
      <object_component id="oc-df">
         <name>.cinit</name>
         <load_address>0x40370</load_address>
         <run_address>0x40370</run_address>
         <size>0x14</size>
         <input_file_ref idref="fl-2f"/>
      </object_component>
      <object_component id="oc-98">
         <name>.cinit</name>
         <load_address>0x40384</load_address>
         <run_address>0x40384</run_address>
         <size>0x14</size>
         <input_file_ref idref="fl-1f"/>
      </object_component>
      <object_component id="oc-157">
         <name>.cinit</name>
         <load_address>0x40398</load_address>
         <run_address>0x40398</run_address>
         <size>0x8</size>
         <input_file_ref idref="fl-4b"/>
      </object_component>
      <object_component id="oc-15d">
         <name>.cinit</name>
         <load_address>0x403a0</load_address>
         <run_address>0x403a0</run_address>
         <size>0x8</size>
         <input_file_ref idref="fl-4c"/>
      </object_component>
      <object_component id="oc-54">
         <name>.cinit</name>
         <load_address>0x403a8</load_address>
         <run_address>0x403a8</run_address>
         <size>0x8</size>
         <input_file_ref idref="fl-c"/>
      </object_component>
      <object_component id="oc-6a">
         <name>.cinit</name>
         <load_address>0x403b0</load_address>
         <run_address>0x403b0</run_address>
         <size>0x8</size>
         <input_file_ref idref="fl-10"/>
      </object_component>
      <object_component id="oc-138">
         <name>.cio</name>
         <uninitialized>true</uninitialized>
         <run_address>0x403c0</run_address>
         <size>0x240</size>
         <input_file_ref idref="fl-44"/>
      </object_component>
      <object_component id="oc-11">
         <name>vectors</name>
         <load_address>0x4fe00</load_address>
         <run_address>0x4fe00</run_address>
         <size>0x100</size>
         <input_file_ref idref="fl-2e"/>
      </object_component>
      <object_component id="oc-14">
         <name>.debug_info</name>
         <load_address>0x0</load_address>
         <run_address>0x0</run_address>
         <size>0x1198</size>
         <input_file_ref idref="fl-2"/>
      </object_component>
      <object_component id="oc-1c">
         <name>.debug_info</name>
         <load_address>0x1198</load_address>
         <run_address>0x1198</run_address>
         <size>0xc9a</size>
         <input_file_ref idref="fl-3"/>
      </object_component>
      <object_component id="oc-21">
         <name>.debug_info</name>
         <load_address>0x1e32</load_address>
         <run_address>0x1e32</run_address>
         <size>0xe7d</size>
         <input_file_ref idref="fl-4"/>
      </object_component>
      <object_component id="oc-27">
         <name>.debug_info</name>
         <load_address>0x2caf</load_address>
         <run_address>0x2caf</run_address>
         <size>0xba6</size>
         <input_file_ref idref="fl-5"/>
      </object_component>
      <object_component id="oc-2d">
         <name>.debug_info</name>
         <load_address>0x3855</load_address>
         <run_address>0x3855</run_address>
         <size>0x13dc</size>
         <input_file_ref idref="fl-6"/>
      </object_component>
      <object_component id="oc-36">
         <name>.debug_info</name>
         <load_address>0x4c31</load_address>
         <run_address>0x4c31</run_address>
         <size>0x1931</size>
         <input_file_ref idref="fl-7"/>
      </object_component>
      <object_component id="oc-3d">
         <name>.debug_info</name>
         <load_address>0x6562</load_address>
         <run_address>0x6562</run_address>
         <size>0x722</size>
         <input_file_ref idref="fl-8"/>
      </object_component>
      <object_component id="oc-43">
         <name>.debug_info</name>
         <load_address>0x6c84</load_address>
         <run_address>0x6c84</run_address>
         <size>0x58a</size>
         <input_file_ref idref="fl-9"/>
      </object_component>
      <object_component id="oc-48">
         <name>.debug_info</name>
         <load_address>0x720e</load_address>
         <run_address>0x720e</run_address>
         <size>0x68a</size>
         <input_file_ref idref="fl-a"/>
      </object_component>
      <object_component id="oc-4d">
         <name>.debug_info</name>
         <load_address>0x7898</load_address>
         <run_address>0x7898</run_address>
         <size>0x81a</size>
         <input_file_ref idref="fl-b"/>
      </object_component>
      <object_component id="oc-53">
         <name>.debug_info</name>
         <load_address>0x80b2</load_address>
         <run_address>0x80b2</run_address>
         <size>0xb17</size>
         <input_file_ref idref="fl-c"/>
      </object_component>
      <object_component id="oc-59">
         <name>.debug_info</name>
         <load_address>0x8bc9</load_address>
         <run_address>0x8bc9</run_address>
         <size>0x64e</size>
         <input_file_ref idref="fl-d"/>
      </object_component>
      <object_component id="oc-5e">
         <name>.debug_info</name>
         <load_address>0x9217</load_address>
         <run_address>0x9217</run_address>
         <size>0x68a</size>
         <input_file_ref idref="fl-e"/>
      </object_component>
      <object_component id="oc-63">
         <name>.debug_info</name>
         <load_address>0x98a1</load_address>
         <run_address>0x98a1</run_address>
         <size>0x81a</size>
         <input_file_ref idref="fl-f"/>
      </object_component>
      <object_component id="oc-69">
         <name>.debug_info</name>
         <load_address>0xa0bb</load_address>
         <run_address>0xa0bb</run_address>
         <size>0xba0</size>
         <input_file_ref idref="fl-10"/>
      </object_component>
      <object_component id="oc-6f">
         <name>.debug_info</name>
         <load_address>0xac5b</load_address>
         <run_address>0xac5b</run_address>
         <size>0xe97</size>
         <input_file_ref idref="fl-11"/>
      </object_component>
      <object_component id="oc-74">
         <name>.debug_info</name>
         <load_address>0xbaf2</load_address>
         <run_address>0xbaf2</run_address>
         <size>0xe7</size>
         <input_file_ref idref="fl-17"/>
      </object_component>
      <object_component id="oc-79">
         <name>.debug_info</name>
         <load_address>0xbbd9</load_address>
         <run_address>0xbbd9</run_address>
         <size>0xf1</size>
         <input_file_ref idref="fl-18"/>
      </object_component>
      <object_component id="oc-7e">
         <name>.debug_info</name>
         <load_address>0xbcca</load_address>
         <run_address>0xbcca</run_address>
         <size>0x5ff3</size>
         <input_file_ref idref="fl-1a"/>
      </object_component>
      <object_component id="oc-83">
         <name>.debug_info</name>
         <load_address>0x11cbd</load_address>
         <run_address>0x11cbd</run_address>
         <size>0x5ab</size>
         <input_file_ref idref="fl-1b"/>
      </object_component>
      <object_component id="oc-87">
         <name>.debug_info</name>
         <load_address>0x12268</load_address>
         <run_address>0x12268</run_address>
         <size>0xe8</size>
         <input_file_ref idref="fl-1c"/>
      </object_component>
      <object_component id="oc-8c">
         <name>.debug_info</name>
         <load_address>0x12350</load_address>
         <run_address>0x12350</run_address>
         <size>0x716</size>
         <input_file_ref idref="fl-1d"/>
      </object_component>
      <object_component id="oc-92">
         <name>.debug_info</name>
         <load_address>0x12a66</load_address>
         <run_address>0x12a66</run_address>
         <size>0x7e8</size>
         <input_file_ref idref="fl-1e"/>
      </object_component>
      <object_component id="oc-97">
         <name>.debug_info</name>
         <load_address>0x1324e</load_address>
         <run_address>0x1324e</run_address>
         <size>0x5fb</size>
         <input_file_ref idref="fl-1f"/>
      </object_component>
      <object_component id="oc-9d">
         <name>.debug_info</name>
         <load_address>0x13849</load_address>
         <run_address>0x13849</run_address>
         <size>0x4cf</size>
         <input_file_ref idref="fl-20"/>
      </object_component>
      <object_component id="oc-a1">
         <name>.debug_info</name>
         <load_address>0x13d18</load_address>
         <run_address>0x13d18</run_address>
         <size>0x534</size>
         <input_file_ref idref="fl-21"/>
      </object_component>
      <object_component id="oc-a5">
         <name>.debug_info</name>
         <load_address>0x1424c</load_address>
         <run_address>0x1424c</run_address>
         <size>0x4cf</size>
         <input_file_ref idref="fl-22"/>
      </object_component>
      <object_component id="oc-a9">
         <name>.debug_info</name>
         <load_address>0x1471b</load_address>
         <run_address>0x1471b</run_address>
         <size>0x549</size>
         <input_file_ref idref="fl-23"/>
      </object_component>
      <object_component id="oc-ae">
         <name>.debug_info</name>
         <load_address>0x14c64</load_address>
         <run_address>0x14c64</run_address>
         <size>0x53e</size>
         <input_file_ref idref="fl-24"/>
      </object_component>
      <object_component id="oc-b2">
         <name>.debug_info</name>
         <load_address>0x151a2</load_address>
         <run_address>0x151a2</run_address>
         <size>0xbd</size>
         <input_file_ref idref="fl-25"/>
      </object_component>
      <object_component id="oc-b6">
         <name>.debug_info</name>
         <load_address>0x1525f</load_address>
         <run_address>0x1525f</run_address>
         <size>0x50c</size>
         <input_file_ref idref="fl-26"/>
      </object_component>
      <object_component id="oc-bb">
         <name>.debug_info</name>
         <load_address>0x1576b</load_address>
         <run_address>0x1576b</run_address>
         <size>0x55b</size>
         <input_file_ref idref="fl-27"/>
      </object_component>
      <object_component id="oc-bf">
         <name>.debug_info</name>
         <load_address>0x15cc6</load_address>
         <run_address>0x15cc6</run_address>
         <size>0x4b7</size>
         <input_file_ref idref="fl-28"/>
      </object_component>
      <object_component id="oc-c3">
         <name>.debug_info</name>
         <load_address>0x1617d</load_address>
         <run_address>0x1617d</run_address>
         <size>0x76c</size>
         <input_file_ref idref="fl-29"/>
      </object_component>
      <object_component id="oc-c7">
         <name>.debug_info</name>
         <load_address>0x168e9</load_address>
         <run_address>0x168e9</run_address>
         <size>0x52e</size>
         <input_file_ref idref="fl-2a"/>
      </object_component>
      <object_component id="oc-cc">
         <name>.debug_info</name>
         <load_address>0x16e17</load_address>
         <run_address>0x16e17</run_address>
         <size>0x6c6</size>
         <input_file_ref idref="fl-2b"/>
      </object_component>
      <object_component id="oc-d0">
         <name>.debug_info</name>
         <load_address>0x174dd</load_address>
         <run_address>0x174dd</run_address>
         <size>0x4de</size>
         <input_file_ref idref="fl-2c"/>
      </object_component>
      <object_component id="oc-d4">
         <name>.debug_info</name>
         <load_address>0x179bb</load_address>
         <run_address>0x179bb</run_address>
         <size>0x521</size>
         <input_file_ref idref="fl-2d"/>
      </object_component>
      <object_component id="oc-d9">
         <name>.debug_info</name>
         <load_address>0x17edc</load_address>
         <run_address>0x17edc</run_address>
         <size>0xbc</size>
         <input_file_ref idref="fl-2e"/>
      </object_component>
      <object_component id="oc-de">
         <name>.debug_info</name>
         <load_address>0x17f98</load_address>
         <run_address>0x17f98</run_address>
         <size>0x5bc</size>
         <input_file_ref idref="fl-2f"/>
      </object_component>
      <object_component id="oc-e3">
         <name>.debug_info</name>
         <load_address>0x18554</load_address>
         <run_address>0x18554</run_address>
         <size>0x27bd</size>
         <input_file_ref idref="fl-30"/>
      </object_component>
      <object_component id="oc-e9">
         <name>.debug_info</name>
         <load_address>0x1ad11</load_address>
         <run_address>0x1ad11</run_address>
         <size>0x586</size>
         <input_file_ref idref="fl-31"/>
      </object_component>
      <object_component id="oc-ed">
         <name>.debug_info</name>
         <load_address>0x1b297</load_address>
         <run_address>0x1b297</run_address>
         <size>0x5a4</size>
         <input_file_ref idref="fl-32"/>
      </object_component>
      <object_component id="oc-f1">
         <name>.debug_info</name>
         <load_address>0x1b83b</load_address>
         <run_address>0x1b83b</run_address>
         <size>0xcd</size>
         <input_file_ref idref="fl-33"/>
      </object_component>
      <object_component id="oc-f5">
         <name>.debug_info</name>
         <load_address>0x1b908</load_address>
         <run_address>0x1b908</run_address>
         <size>0x81f</size>
         <input_file_ref idref="fl-34"/>
      </object_component>
      <object_component id="oc-f8">
         <name>.debug_info</name>
         <load_address>0x1c127</load_address>
         <run_address>0x1c127</run_address>
         <size>0x498</size>
         <input_file_ref idref="fl-35"/>
      </object_component>
      <object_component id="oc-fb">
         <name>.debug_info</name>
         <load_address>0x1c5bf</load_address>
         <run_address>0x1c5bf</run_address>
         <size>0x57e</size>
         <input_file_ref idref="fl-36"/>
      </object_component>
      <object_component id="oc-ff">
         <name>.debug_info</name>
         <load_address>0x1cb3d</load_address>
         <run_address>0x1cb3d</run_address>
         <size>0x534</size>
         <input_file_ref idref="fl-37"/>
      </object_component>
      <object_component id="oc-103">
         <name>.debug_info</name>
         <load_address>0x1d071</load_address>
         <run_address>0x1d071</run_address>
         <size>0x6aa</size>
         <input_file_ref idref="fl-38"/>
      </object_component>
      <object_component id="oc-107">
         <name>.debug_info</name>
         <load_address>0x1d71b</load_address>
         <run_address>0x1d71b</run_address>
         <size>0x942</size>
         <input_file_ref idref="fl-39"/>
      </object_component>
      <object_component id="oc-10c">
         <name>.debug_info</name>
         <load_address>0x1e05d</load_address>
         <run_address>0x1e05d</run_address>
         <size>0x4d2</size>
         <input_file_ref idref="fl-3a"/>
      </object_component>
      <object_component id="oc-110">
         <name>.debug_info</name>
         <load_address>0x1e52f</load_address>
         <run_address>0x1e52f</run_address>
         <size>0x680</size>
         <input_file_ref idref="fl-3b"/>
      </object_component>
      <object_component id="oc-114">
         <name>.debug_info</name>
         <load_address>0x1ebaf</load_address>
         <run_address>0x1ebaf</run_address>
         <size>0x7d4</size>
         <input_file_ref idref="fl-3c"/>
      </object_component>
      <object_component id="oc-119">
         <name>.debug_info</name>
         <load_address>0x1f383</load_address>
         <run_address>0x1f383</run_address>
         <size>0x144b</size>
         <input_file_ref idref="fl-3d"/>
      </object_component>
      <object_component id="oc-11e">
         <name>.debug_info</name>
         <load_address>0x207ce</load_address>
         <run_address>0x207ce</run_address>
         <size>0x5ad</size>
         <input_file_ref idref="fl-3e"/>
      </object_component>
      <object_component id="oc-122">
         <name>.debug_info</name>
         <load_address>0x20d7b</load_address>
         <run_address>0x20d7b</run_address>
         <size>0x574</size>
         <input_file_ref idref="fl-3f"/>
      </object_component>
      <object_component id="oc-126">
         <name>.debug_info</name>
         <load_address>0x212ef</load_address>
         <run_address>0x212ef</run_address>
         <size>0xd1</size>
         <input_file_ref idref="fl-40"/>
      </object_component>
      <object_component id="oc-12a">
         <name>.debug_info</name>
         <load_address>0x213c0</load_address>
         <run_address>0x213c0</run_address>
         <size>0x4f2</size>
         <input_file_ref idref="fl-41"/>
      </object_component>
      <object_component id="oc-12e">
         <name>.debug_info</name>
         <load_address>0x218b2</load_address>
         <run_address>0x218b2</run_address>
         <size>0x534</size>
         <input_file_ref idref="fl-42"/>
      </object_component>
      <object_component id="oc-133">
         <name>.debug_info</name>
         <load_address>0x21de6</load_address>
         <run_address>0x21de6</run_address>
         <size>0xed4</size>
         <input_file_ref idref="fl-43"/>
      </object_component>
      <object_component id="oc-137">
         <name>.debug_info</name>
         <load_address>0x22cba</load_address>
         <run_address>0x22cba</run_address>
         <size>0x744</size>
         <input_file_ref idref="fl-44"/>
      </object_component>
      <object_component id="oc-13d">
         <name>.debug_info</name>
         <load_address>0x233fe</load_address>
         <run_address>0x233fe</run_address>
         <size>0xef</size>
         <input_file_ref idref="fl-45"/>
      </object_component>
      <object_component id="oc-141">
         <name>.debug_info</name>
         <load_address>0x234ed</load_address>
         <run_address>0x234ed</run_address>
         <size>0x662</size>
         <input_file_ref idref="fl-46"/>
      </object_component>
      <object_component id="oc-145">
         <name>.debug_info</name>
         <load_address>0x23b4f</load_address>
         <run_address>0x23b4f</run_address>
         <size>0x4f2</size>
         <input_file_ref idref="fl-47"/>
      </object_component>
      <object_component id="oc-149">
         <name>.debug_info</name>
         <load_address>0x24041</load_address>
         <run_address>0x24041</run_address>
         <size>0x706</size>
         <input_file_ref idref="fl-48"/>
      </object_component>
      <object_component id="oc-14d">
         <name>.debug_info</name>
         <load_address>0x24747</load_address>
         <run_address>0x24747</run_address>
         <size>0x5f7</size>
         <input_file_ref idref="fl-49"/>
      </object_component>
      <object_component id="oc-151">
         <name>.debug_info</name>
         <load_address>0x24d3e</load_address>
         <run_address>0x24d3e</run_address>
         <size>0x64a</size>
         <input_file_ref idref="fl-4a"/>
      </object_component>
      <object_component id="oc-156">
         <name>.debug_info</name>
         <load_address>0x25388</load_address>
         <run_address>0x25388</run_address>
         <size>0xa1c</size>
         <input_file_ref idref="fl-4b"/>
      </object_component>
      <object_component id="oc-15c">
         <name>.debug_info</name>
         <load_address>0x25da4</load_address>
         <run_address>0x25da4</run_address>
         <size>0xba5</size>
         <input_file_ref idref="fl-4c"/>
      </object_component>
      <object_component id="oc-162">
         <name>.debug_info</name>
         <load_address>0x26949</load_address>
         <run_address>0x26949</run_address>
         <size>0x64f</size>
         <input_file_ref idref="fl-4d"/>
      </object_component>
      <object_component id="oc-166">
         <name>.debug_info</name>
         <load_address>0x26f98</load_address>
         <run_address>0x26f98</run_address>
         <size>0x510</size>
         <input_file_ref idref="fl-4e"/>
      </object_component>
      <object_component id="oc-18d">
         <name>.debug_info</name>
         <load_address>0x274a8</load_address>
         <run_address>0x274a8</run_address>
         <size>0x6e</size>
      </object_component>
      <object_component id="oc-17">
         <name>.debug_frame</name>
         <load_address>0x0</load_address>
         <run_address>0x0</run_address>
         <size>0x103</size>
         <input_file_ref idref="fl-2"/>
      </object_component>
      <object_component id="oc-1d">
         <name>.debug_frame</name>
         <load_address>0x103</load_address>
         <run_address>0x103</run_address>
         <size>0x172</size>
         <input_file_ref idref="fl-3"/>
      </object_component>
      <object_component id="oc-23">
         <name>.debug_frame</name>
         <load_address>0x275</load_address>
         <run_address>0x275</run_address>
         <size>0x103</size>
         <input_file_ref idref="fl-4"/>
      </object_component>
      <object_component id="oc-28">
         <name>.debug_frame</name>
         <load_address>0x378</load_address>
         <run_address>0x378</run_address>
         <size>0x13b</size>
         <input_file_ref idref="fl-5"/>
      </object_component>
      <object_component id="oc-31">
         <name>.debug_frame</name>
         <load_address>0x4b3</load_address>
         <run_address>0x4b3</run_address>
         <size>0x11d</size>
         <input_file_ref idref="fl-6"/>
      </object_component>
      <object_component id="oc-38">
         <name>.debug_frame</name>
         <load_address>0x5d0</load_address>
         <run_address>0x5d0</run_address>
         <size>0x208</size>
         <input_file_ref idref="fl-7"/>
      </object_component>
      <object_component id="oc-3f">
         <name>.debug_frame</name>
         <load_address>0x7d8</load_address>
         <run_address>0x7d8</run_address>
         <size>0x118</size>
         <input_file_ref idref="fl-8"/>
      </object_component>
      <object_component id="oc-44">
         <name>.debug_frame</name>
         <load_address>0x8f0</load_address>
         <run_address>0x8f0</run_address>
         <size>0xe4</size>
         <input_file_ref idref="fl-9"/>
      </object_component>
      <object_component id="oc-49">
         <name>.debug_frame</name>
         <load_address>0x9d4</load_address>
         <run_address>0x9d4</run_address>
         <size>0x116</size>
         <input_file_ref idref="fl-a"/>
      </object_component>
      <object_component id="oc-4e">
         <name>.debug_frame</name>
         <load_address>0xaea</load_address>
         <run_address>0xaea</run_address>
         <size>0x135</size>
         <input_file_ref idref="fl-b"/>
      </object_component>
      <object_component id="oc-55">
         <name>.debug_frame</name>
         <load_address>0xc1f</load_address>
         <run_address>0xc1f</run_address>
         <size>0x14a</size>
         <input_file_ref idref="fl-c"/>
      </object_component>
      <object_component id="oc-5a">
         <name>.debug_frame</name>
         <load_address>0xd69</load_address>
         <run_address>0xd69</run_address>
         <size>0x11c</size>
         <input_file_ref idref="fl-d"/>
      </object_component>
      <object_component id="oc-5f">
         <name>.debug_frame</name>
         <load_address>0xe85</load_address>
         <run_address>0xe85</run_address>
         <size>0x116</size>
         <input_file_ref idref="fl-e"/>
      </object_component>
      <object_component id="oc-64">
         <name>.debug_frame</name>
         <load_address>0xf9b</load_address>
         <run_address>0xf9b</run_address>
         <size>0x135</size>
         <input_file_ref idref="fl-f"/>
      </object_component>
      <object_component id="oc-6b">
         <name>.debug_frame</name>
         <load_address>0x10d0</load_address>
         <run_address>0x10d0</run_address>
         <size>0x14a</size>
         <input_file_ref idref="fl-10"/>
      </object_component>
      <object_component id="oc-70">
         <name>.debug_frame</name>
         <load_address>0x121a</load_address>
         <run_address>0x121a</run_address>
         <size>0x1d9</size>
         <input_file_ref idref="fl-11"/>
      </object_component>
      <object_component id="oc-7f">
         <name>.debug_frame</name>
         <load_address>0x13f3</load_address>
         <run_address>0x13f3</run_address>
         <size>0x175</size>
         <input_file_ref idref="fl-1a"/>
      </object_component>
      <object_component id="oc-18">
         <name>.debug_line</name>
         <load_address>0x0</load_address>
         <run_address>0x0</run_address>
         <size>0x10e</size>
         <input_file_ref idref="fl-2"/>
      </object_component>
      <object_component id="oc-1e">
         <name>.debug_line</name>
         <load_address>0x10e</load_address>
         <run_address>0x10e</run_address>
         <size>0xfe</size>
         <input_file_ref idref="fl-3"/>
      </object_component>
      <object_component id="oc-24">
         <name>.debug_line</name>
         <load_address>0x20c</load_address>
         <run_address>0x20c</run_address>
         <size>0x20e</size>
         <input_file_ref idref="fl-4"/>
      </object_component>
      <object_component id="oc-29">
         <name>.debug_line</name>
         <load_address>0x41a</load_address>
         <run_address>0x41a</run_address>
         <size>0x1a9</size>
         <input_file_ref idref="fl-5"/>
      </object_component>
      <object_component id="oc-32">
         <name>.debug_line</name>
         <load_address>0x5c3</load_address>
         <run_address>0x5c3</run_address>
         <size>0x1e4</size>
         <input_file_ref idref="fl-6"/>
      </object_component>
      <object_component id="oc-39">
         <name>.debug_line</name>
         <load_address>0x7a7</load_address>
         <run_address>0x7a7</run_address>
         <size>0x47c</size>
         <input_file_ref idref="fl-7"/>
      </object_component>
      <object_component id="oc-40">
         <name>.debug_line</name>
         <load_address>0xc23</load_address>
         <run_address>0xc23</run_address>
         <size>0x1d5</size>
         <input_file_ref idref="fl-8"/>
      </object_component>
      <object_component id="oc-45">
         <name>.debug_line</name>
         <load_address>0xdf8</load_address>
         <run_address>0xdf8</run_address>
         <size>0x44</size>
         <input_file_ref idref="fl-9"/>
      </object_component>
      <object_component id="oc-4a">
         <name>.debug_line</name>
         <load_address>0xe3c</load_address>
         <run_address>0xe3c</run_address>
         <size>0x83</size>
         <input_file_ref idref="fl-a"/>
      </object_component>
      <object_component id="oc-4f">
         <name>.debug_line</name>
         <load_address>0xebf</load_address>
         <run_address>0xebf</run_address>
         <size>0xdd</size>
         <input_file_ref idref="fl-b"/>
      </object_component>
      <object_component id="oc-56">
         <name>.debug_line</name>
         <load_address>0xf9c</load_address>
         <run_address>0xf9c</run_address>
         <size>0x118</size>
         <input_file_ref idref="fl-c"/>
      </object_component>
      <object_component id="oc-5b">
         <name>.debug_line</name>
         <load_address>0x10b4</load_address>
         <run_address>0x10b4</run_address>
         <size>0x8c</size>
         <input_file_ref idref="fl-d"/>
      </object_component>
      <object_component id="oc-60">
         <name>.debug_line</name>
         <load_address>0x1140</load_address>
         <run_address>0x1140</run_address>
         <size>0x83</size>
         <input_file_ref idref="fl-e"/>
      </object_component>
      <object_component id="oc-65">
         <name>.debug_line</name>
         <load_address>0x11c3</load_address>
         <run_address>0x11c3</run_address>
         <size>0xdd</size>
         <input_file_ref idref="fl-f"/>
      </object_component>
      <object_component id="oc-6c">
         <name>.debug_line</name>
         <load_address>0x12a0</load_address>
         <run_address>0x12a0</run_address>
         <size>0x122</size>
         <input_file_ref idref="fl-10"/>
      </object_component>
      <object_component id="oc-71">
         <name>.debug_line</name>
         <load_address>0x13c2</load_address>
         <run_address>0x13c2</run_address>
         <size>0x179</size>
         <input_file_ref idref="fl-11"/>
      </object_component>
      <object_component id="oc-75">
         <name>.debug_line</name>
         <load_address>0x153b</load_address>
         <run_address>0x153b</run_address>
         <size>0x8b</size>
         <input_file_ref idref="fl-17"/>
      </object_component>
      <object_component id="oc-7a">
         <name>.debug_line</name>
         <load_address>0x15c6</load_address>
         <run_address>0x15c6</run_address>
         <size>0x109</size>
         <input_file_ref idref="fl-18"/>
      </object_component>
      <object_component id="oc-80">
         <name>.debug_line</name>
         <load_address>0x16cf</load_address>
         <run_address>0x16cf</run_address>
         <size>0x2dd</size>
         <input_file_ref idref="fl-1a"/>
      </object_component>
      <object_component id="oc-84">
         <name>.debug_line</name>
         <load_address>0x19ac</load_address>
         <run_address>0x19ac</run_address>
         <size>0x5c</size>
         <input_file_ref idref="fl-1b"/>
      </object_component>
      <object_component id="oc-88">
         <name>.debug_line</name>
         <load_address>0x1a08</load_address>
         <run_address>0x1a08</run_address>
         <size>0x54</size>
         <input_file_ref idref="fl-1c"/>
      </object_component>
      <object_component id="oc-8f">
         <name>.debug_line</name>
         <load_address>0x1a5c</load_address>
         <run_address>0x1a5c</run_address>
         <size>0x54</size>
         <input_file_ref idref="fl-1d"/>
      </object_component>
      <object_component id="oc-93">
         <name>.debug_line</name>
         <load_address>0x1ab0</load_address>
         <run_address>0x1ab0</run_address>
         <size>0x5b</size>
         <input_file_ref idref="fl-1e"/>
      </object_component>
      <object_component id="oc-9a">
         <name>.debug_line</name>
         <load_address>0x1b0b</load_address>
         <run_address>0x1b0b</run_address>
         <size>0x51</size>
         <input_file_ref idref="fl-1f"/>
      </object_component>
      <object_component id="oc-9e">
         <name>.debug_line</name>
         <load_address>0x1b5c</load_address>
         <run_address>0x1b5c</run_address>
         <size>0x3d</size>
         <input_file_ref idref="fl-20"/>
      </object_component>
      <object_component id="oc-a2">
         <name>.debug_line</name>
         <load_address>0x1b99</load_address>
         <run_address>0x1b99</run_address>
         <size>0x3d</size>
         <input_file_ref idref="fl-21"/>
      </object_component>
      <object_component id="oc-a6">
         <name>.debug_line</name>
         <load_address>0x1bd6</load_address>
         <run_address>0x1bd6</run_address>
         <size>0x3d</size>
         <input_file_ref idref="fl-22"/>
      </object_component>
      <object_component id="oc-ab">
         <name>.debug_line</name>
         <load_address>0x1c13</load_address>
         <run_address>0x1c13</run_address>
         <size>0x44</size>
         <input_file_ref idref="fl-23"/>
      </object_component>
      <object_component id="oc-af">
         <name>.debug_line</name>
         <load_address>0x1c57</load_address>
         <run_address>0x1c57</run_address>
         <size>0x40</size>
         <input_file_ref idref="fl-24"/>
      </object_component>
      <object_component id="oc-b3">
         <name>.debug_line</name>
         <load_address>0x1c97</load_address>
         <run_address>0x1c97</run_address>
         <size>0x3c</size>
         <input_file_ref idref="fl-25"/>
      </object_component>
      <object_component id="oc-b8">
         <name>.debug_line</name>
         <load_address>0x1cd3</load_address>
         <run_address>0x1cd3</run_address>
         <size>0x3c</size>
         <input_file_ref idref="fl-26"/>
      </object_component>
      <object_component id="oc-bc">
         <name>.debug_line</name>
         <load_address>0x1d0f</load_address>
         <run_address>0x1d0f</run_address>
         <size>0x3c</size>
         <input_file_ref idref="fl-27"/>
      </object_component>
      <object_component id="oc-c0">
         <name>.debug_line</name>
         <load_address>0x1d4b</load_address>
         <run_address>0x1d4b</run_address>
         <size>0x37</size>
         <input_file_ref idref="fl-28"/>
      </object_component>
      <object_component id="oc-c4">
         <name>.debug_line</name>
         <load_address>0x1d82</load_address>
         <run_address>0x1d82</run_address>
         <size>0x69</size>
         <input_file_ref idref="fl-29"/>
      </object_component>
      <object_component id="oc-c9">
         <name>.debug_line</name>
         <load_address>0x1deb</load_address>
         <run_address>0x1deb</run_address>
         <size>0x38</size>
         <input_file_ref idref="fl-2a"/>
      </object_component>
      <object_component id="oc-cd">
         <name>.debug_line</name>
         <load_address>0x1e23</load_address>
         <run_address>0x1e23</run_address>
         <size>0x68</size>
         <input_file_ref idref="fl-2b"/>
      </object_component>
      <object_component id="oc-d1">
         <name>.debug_line</name>
         <load_address>0x1e8b</load_address>
         <run_address>0x1e8b</run_address>
         <size>0x37</size>
         <input_file_ref idref="fl-2c"/>
      </object_component>
      <object_component id="oc-d6">
         <name>.debug_line</name>
         <load_address>0x1ec2</load_address>
         <run_address>0x1ec2</run_address>
         <size>0x38</size>
         <input_file_ref idref="fl-2d"/>
      </object_component>
      <object_component id="oc-da">
         <name>.debug_line</name>
         <load_address>0x1efa</load_address>
         <run_address>0x1efa</run_address>
         <size>0x37</size>
         <input_file_ref idref="fl-2e"/>
      </object_component>
      <object_component id="oc-e0">
         <name>.debug_line</name>
         <load_address>0x1f31</load_address>
         <run_address>0x1f31</run_address>
         <size>0x57</size>
         <input_file_ref idref="fl-2f"/>
      </object_component>
      <object_component id="oc-e6">
         <name>.debug_line</name>
         <load_address>0x1f88</load_address>
         <run_address>0x1f88</run_address>
         <size>0x328</size>
         <input_file_ref idref="fl-30"/>
      </object_component>
      <object_component id="oc-ea">
         <name>.debug_line</name>
         <load_address>0x22b0</load_address>
         <run_address>0x22b0</run_address>
         <size>0x41</size>
         <input_file_ref idref="fl-31"/>
      </object_component>
      <object_component id="oc-ee">
         <name>.debug_line</name>
         <load_address>0x22f1</load_address>
         <run_address>0x22f1</run_address>
         <size>0x46</size>
         <input_file_ref idref="fl-32"/>
      </object_component>
      <object_component id="oc-f2">
         <name>.debug_line</name>
         <load_address>0x2337</load_address>
         <run_address>0x2337</run_address>
         <size>0x55</size>
         <input_file_ref idref="fl-33"/>
      </object_component>
      <object_component id="oc-f6">
         <name>.debug_line</name>
         <load_address>0x238c</load_address>
[...]
         <name>_USBSTK5515_LED_off</name>
         <value>0x253d2</value>
         <object_component_ref idref="oc-6e"/>
      </symbol>
      <symbol id="sm-30e">
         <name>_USBSTK5515_ULED_on</name>
         <value>0x254d2</value>
         <object_component_ref idref="oc-6e"/>
      </symbol>
      <symbol id="sm-30f">
         <name>_USBSTK5515_ULED_off</name>
         <value>0x25507</value>
         <object_component_ref idref="oc-6e"/>
      </symbol>
      <symbol id="sm-310">
         <name>_USBSTK5515_ULED_getall</name>
         <value>0x25412</value>
         <object_component_ref idref="oc-6e"/>
      </symbol>
      <symbol id="sm-311">
         <name>_USBSTK5515_ULED_setall</name>
         <value>0x25464</value>
         <object_component_ref idref="oc-6e"/>
      </symbol>
      <symbol id="sm-312">
         <name>_USBSTK5515_ULED_init</name>
         <value>0x253e3</value>
         <object_component_ref idref="oc-6e"/>
      </symbol>
      <symbol id="sm-313">
         <name>_USBSTK5515_LED_init</name>
         <value>0x253b6</value>
         <object_component_ref idref="oc-6e"/>
      </symbol>
      <symbol id="sm-32c">
         <name>_cbrev</name>
         <value>0x25f95</value>
         <object_component_ref idref="oc-73"/>
      </symbol>
      <symbol id="sm-34f">
         <name>_cfft_SCALE</name>
         <value>0x24fde</value>
         <object_component_ref idref="oc-77"/>
      </symbol>
      <symbol id="sm-353">
         <name>twiddle</name>
         <value>0x8be0</value>
         <object_component_ref idref="oc-7c"/>
      </symbol>
      <symbol id="sm-378">
         <name>_PLL_reset</name>
         <value>0x243de</value>
         <object_component_ref idref="oc-7d"/>
      </symbol>
      <symbol id="sm-379">
         <name>_PLL_bypass</name>
         <value>0x2438f</value>
         <object_component_ref idref="oc-7d"/>
      </symbol>
      <symbol id="sm-37a">
         <name>_PLL_enable</name>
         <value>0x24328</value>
         <object_component_ref idref="oc-7d"/>
      </symbol>
      <symbol id="sm-37b">
         <name>_PLL_config</name>
         <value>0x241ff</value>
         <object_component_ref idref="oc-7d"/>
      </symbol>
      <symbol id="sm-37c">
         <name>_PLL_init</name>
         <value>0x241c7</value>
         <object_component_ref idref="oc-7d"/>
      </symbol>
      <symbol id="sm-386">
         <name>__addd</name>
         <value>0x24b6e</value>
         <object_component_ref idref="oc-82"/>
      </symbol>
      <symbol id="sm-392">
         <name>__sysstack</name>
         <value>0x20c0</value>
         <object_component_ref idref="oc-169"/>
      </symbol>
      <symbol id="sm-393">
         <name>_c_int00</name>
         <value>0x26ccd</value>
         <object_component_ref idref="oc-10"/>
      </symbol>
      <symbol id="sm-394">
         <name>__stack</name>
         <value>0xc0</value>
         <object_component_ref idref="oc-86"/>
      </symbol>
      <symbol id="sm-3a5">
         <name>_cos</name>
         <value>0x24dc5</value>
         <object_component_ref idref="oc-8a"/>
      </symbol>
      <symbol id="sm-3b1">
         <name>__divd</name>
         <value>0x237e0</value>
         <object_component_ref idref="oc-91"/>
      </symbol>
      <symbol id="sm-3c1">
         <name>C$$EXIT</name>
         <value>0x26e3a</value>
         <object_component_ref idref="oc-99"/>
      </symbol>
      <symbol id="sm-3c2">
         <name>_exit</name>
         <value>0x26c8f</value>
         <object_component_ref idref="oc-95"/>
      </symbol>
      <symbol id="sm-3c3">
         <name>_abort</name>
         <value>0x26e39</value>
         <object_component_ref idref="oc-99"/>
      </symbol>
      <symbol id="sm-3c4">
         <name>__cleanup_ptr</name>
         <value>0x6040</value>
         <object_component_ref idref="oc-96"/>
      </symbol>
      <symbol id="sm-3c5">
         <name>__dtors_ptr</name>
         <value>0x6044</value>
         <object_component_ref idref="oc-96"/>
      </symbol>
      <symbol id="sm-3cf">
         <name>__fixdi</name>
         <value>0x26d2e</value>
         <object_component_ref idref="oc-9c"/>
      </symbol>
      <symbol id="sm-3d9">
         <name>__fixdli</name>
         <value>0x2670c</value>
         <object_component_ref idref="oc-a0"/>
      </symbol>
      <symbol id="sm-3e3">
         <name>__fltid</name>
         <value>0x26e23</value>
         <object_component_ref idref="oc-a4"/>
      </symbol>
      <symbol id="sm-3ef">
         <name>__fltlid</name>
         <value>0x268b8</value>
         <object_component_ref idref="oc-a8"/>
      </symbol>
      <symbol id="sm-3f9">
         <name>__frcmpyd_div</name>
         <value>0x26629</value>
         <object_component_ref idref="oc-ad"/>
      </symbol>
      <symbol id="sm-401">
         <name>__mpyli</name>
         <value>0x26dee</value>
         <object_component_ref idref="oc-b1"/>
      </symbol>
      <symbol id="sm-402">
         <name>I$$LMPY</name>
         <value>0x26dee</value>
         <object_component_ref idref="oc-b1"/>
      </symbol>
      <symbol id="sm-40e">
         <name>_modf</name>
         <value>0x2620b</value>
         <object_component_ref idref="oc-b5"/>
      </symbol>
      <symbol id="sm-418">
         <name>__mpyd</name>
         <value>0x259b4</value>
         <object_component_ref idref="oc-ba"/>
      </symbol>
      <symbol id="sm-422">
         <name>__negd</name>
         <value>0x26e13</value>
         <object_component_ref idref="oc-be"/>
      </symbol>
      <symbol id="sm-42c">
         <name>_printf</name>
         <value>0x26ad6</value>
         <object_component_ref idref="oc-c2"/>
      </symbol>
      <symbol id="sm-438">
         <name>__nround</name>
         <value>0x2691f</value>
         <object_component_ref idref="oc-c6"/>
      </symbol>
      <symbol id="sm-442">
         <name>_sprintf</name>
         <value>0x2677a</value>
         <object_component_ref idref="oc-cb"/>
      </symbol>
      <symbol id="sm-44c">
         <name>__subd</name>
         <value>0x26dda</value>
         <object_component_ref idref="oc-cf"/>
      </symbol>
      <symbol id="sm-458">
         <name>__trunc</name>
         <value>0x26c4d</value>
         <object_component_ref idref="oc-d3"/>
      </symbol>
      <symbol id="sm-462">
         <name>_Reset</name>
         <value>0x4fe00</value>
         <object_component_ref idref="oc-11"/>
      </symbol>
      <symbol id="sm-470">
         <name>__unlock</name>
         <value>0x603c</value>
         <object_component_ref idref="oc-dd"/>
      </symbol>
      <symbol id="sm-471">
         <name>__lock</name>
         <value>0x6038</value>
         <object_component_ref idref="oc-dd"/>
      </symbol>
      <symbol id="sm-472">
         <name>__register_lock</name>
         <value>0x26e09</value>
         <object_component_ref idref="oc-dc"/>
      </symbol>
      <symbol id="sm-473">
         <name>__nop</name>
         <value>0x26e11</value>
         <object_component_ref idref="oc-dc"/>
      </symbol>
      <symbol id="sm-474">
         <name>__register_unlock</name>
         <value>0x26e01</value>
         <object_component_ref idref="oc-dc"/>
      </symbol>
      <symbol id="sm-486">
         <name>__printfi</name>
         <value>0x21315</value>
         <object_component_ref idref="oc-e2"/>
      </symbol>
      <symbol id="sm-490">
         <name>__args_main</name>
         <value>0x26bbc</value>
         <object_component_ref idref="oc-e8"/>
      </symbol>
      <symbol id="sm-491">
         <name>__TI_args_main</name>
         <value>0x1</value>
      </symbol>
      <symbol id="sm-49b">
         <name>_atoi</name>
         <value>0x2697f</value>
         <object_component_ref idref="oc-ec"/>
      </symbol>
      <symbol id="sm-4a3">
         <name>_auto_init</name>
         <value>0x26b24</value>
         <object_component_ref idref="oc-f0"/>
      </symbol>
      <symbol id="sm-4ad">
         <name>__eqld</name>
         <value>0x2532a</value>
         <object_component_ref idref="oc-f4"/>
      </symbol>
      <symbol id="sm-4ae">
         <name>__cmpd</name>
         <value>0x2535e</value>
         <object_component_ref idref="oc-f4"/>
      </symbol>
      <symbol id="sm-4af">
         <name>__neqd</name>
         <value>0x251cc</value>
         <object_component_ref idref="oc-f4"/>
      </symbol>
      <symbol id="sm-4b0">
         <name>__gtrd</name>
         <value>0x25295</value>
         <object_component_ref idref="oc-f4"/>
      </symbol>
      <symbol id="sm-4b1">
         <name>__geqd</name>
         <value>0x252e0</value>
         <object_component_ref idref="oc-f4"/>
      </symbol>
      <symbol id="sm-4b2">
         <name>__leqd</name>
         <value>0x25248</value>
         <object_component_ref idref="oc-f4"/>
      </symbol>
      <symbol id="sm-4b3">
         <name>__lssd</name>
         <value>0x25200</value>
         <object_component_ref idref="oc-f4"/>
      </symbol>
      <symbol id="sm-4bb">
         <name>__ctypes_</name>
         <value>0x87a0</value>
         <object_component_ref idref="oc-16b"/>
      </symbol>
      <symbol id="sm-4c5">
         <name>__tmpnams</name>
         <value>0x5a4c</value>
         <object_component_ref idref="oc-fa"/>
      </symbol>
      <symbol id="sm-4c6">
         <name>__ft_end</name>
         <value>0x5b8c</value>
         <object_component_ref idref="oc-fa"/>
      </symbol>
      <symbol id="sm-4c7">
         <name>__ftable</name>
         <value>0x595c</value>
         <object_component_ref idref="oc-fa"/>
      </symbol>
      <symbol id="sm-4d2">
         <name>__divul</name>
         <value>0x26424</value>
         <object_component_ref idref="oc-fe"/>
      </symbol>
      <symbol id="sm-4dc">
         <name>_putchar</name>
         <value>0x26415</value>
         <object_component_ref idref="oc-102"/>
      </symbol>
      <symbol id="sm-4dd">
         <name>_putc</name>
         <value>0x26382</value>
         <object_component_ref idref="oc-102"/>
      </symbol>
      <symbol id="sm-4de">
         <name>_fputc</name>
         <value>0x26382</value>
         <object_component_ref idref="oc-102"/>
      </symbol>
      <symbol id="sm-4ea">
         <name>_puts</name>
         <value>0x256ce</value>
         <object_component_ref idref="oc-106"/>
      </symbol>
      <symbol id="sm-4eb">
         <name>_fputs</name>
         <value>0x2557f</value>
         <object_component_ref idref="oc-106"/>
      </symbol>
      <symbol id="sm-4f5">
         <name>__frcmpyd</name>
         <value>0x265b3</value>
         <object_component_ref idref="oc-10b"/>
      </symbol>
      <symbol id="sm-4ff">
         <name>___isinf</name>
         <value>0x26dc0</value>
         <object_component_ref idref="oc-10f"/>
      </symbol>
      <symbol id="sm-509">
         <name>__divull</name>
         <value>0x24a46</value>
         <object_component_ref idref="oc-113"/>
      </symbol>
      <symbol id="sm-50a">
         <name>__mpylli</name>
         <value>0x2498f</value>
         <object_component_ref idref="oc-113"/>
      </symbol>
      <symbol id="sm-50b">
         <name>__remlli</name>
         <value>0x24960</value>
         <object_component_ref idref="oc-113"/>
      </symbol>
      <symbol id="sm-50c">
         <name>__divlli</name>
         <value>0x24b3a</value>
         <object_component_ref idref="oc-113"/>
      </symbol>
      <symbol id="sm-50d">
         <name>__remull</name>
         <value>0x24912</value>
         <object_component_ref idref="oc-113"/>
      </symbol>
      <symbol id="sm-51e">
         <name>_add_device</name>
         <value>0x236f8</value>
         <object_component_ref idref="oc-117"/>
      </symbol>
      <symbol id="sm-51f">
         <name>_rename</name>
         <value>0x23429</value>
         <object_component_ref idref="oc-117"/>
      </symbol>
      <symbol id="sm-520">
         <name>_read</name>
         <value>0x234b4</value>
         <object_component_ref idref="oc-117"/>
      </symbol>
      <symbol id="sm-521">
         <name>_unlink</name>
         <value>0x233f5</value>
         <object_component_ref idref="oc-117"/>
      </symbol>
      <symbol id="sm-522">
         <name>_remove_device</name>
         <value>0x23480</value>
         <object_component_ref idref="oc-117"/>
      </symbol>
      <symbol id="sm-523">
         <name>_open</name>
         <value>0x2355e</value>
         <object_component_ref idref="oc-117"/>
      </symbol>
      <symbol id="sm-524">
         <name>_find_registered_device</name>
         <value>0x2367f</value>
         <object_component_ref idref="oc-117"/>
      </symbol>
      <symbol id="sm-525">
         <name>_lseek</name>
         <value>0x2361b</value>
         <object_component_ref idref="oc-117"/>
      </symbol>
      <symbol id="sm-526">
         <name>_close</name>
         <value>0x23688</value>
         <object_component_ref idref="oc-117"/>
      </symbol>
      <symbol id="sm-527">
         <name>_write</name>
         <value>0x232c8</value>
         <object_component_ref idref="oc-117"/>
      </symbol>
      <symbol id="sm-531">
         <name>_ltoa</name>
         <value>0x264c4</value>
         <object_component_ref idref="oc-11d"/>
      </symbol>
      <symbol id="sm-53c">
         <name>_memccpy</name>
         <value>0x26d82</value>
         <object_component_ref idref="oc-121"/>
      </symbol>
      <symbol id="sm-546">
         <name>_memcpy</name>
         <value>0x269d8</value>
         <object_component_ref idref="oc-125"/>
      </symbol>
      <symbol id="sm-550">
         <name>__remli</name>
         <value>0x26b71</value>
         <object_component_ref idref="oc-129"/>
      </symbol>
      <symbol id="sm-55b">
         <name>__remul</name>
         <value>0x2669c</value>
         <object_component_ref idref="oc-12d"/>
      </symbol>
      <symbol id="sm-567">
         <name>_HOSTopen</name>
         <value>0x22654</value>
         <object_component_ref idref="oc-131"/>
      </symbol>
      <symbol id="sm-568">
         <name>_HOSTread</name>
         <value>0x225c9</value>
         <object_component_ref idref="oc-131"/>
      </symbol>
      <symbol id="sm-569">
         <name>_HOSTtime</name>
         <value>0x224b2</value>
         <object_component_ref idref="oc-131"/>
      </symbol>
      <symbol id="sm-56a">
         <name>_getenv</name>
         <value>0x2233b</value>
         <object_component_ref idref="oc-131"/>
      </symbol>
      <symbol id="sm-56b">
         <name>_HOSTrename</name>
         <value>0x22510</value>
         <object_component_ref idref="oc-131"/>
      </symbol>
      <symbol id="sm-56c">
         <name>_HOSTclock</name>
         <value>0x22815</value>
         <object_component_ref idref="oc-131"/>
      </symbol>
      <symbol id="sm-56d">
         <name>_HOSTwrite</name>
         <value>0x223bb</value>
         <object_component_ref idref="oc-131"/>
      </symbol>
      <symbol id="sm-56e">
         <name>_HOSTlseek</name>
         <value>0x226f5</value>
         <object_component_ref idref="oc-131"/>
      </symbol>
      <symbol id="sm-56f">
         <name>_HOSTunlink</name>
         <value>0x22446</value>
         <object_component_ref idref="oc-131"/>
      </symbol>
      <symbol id="sm-570">
         <name>_HOSTclose</name>
         <value>0x227aa</value>
         <object_component_ref idref="oc-131"/>
      </symbol>
      <symbol id="sm-582">
         <name>C$$IO$$</name>
         <value>0x26206</value>
         <object_component_ref idref="oc-139"/>
      </symbol>
      <symbol id="sm-583">
         <name>__CIOBUF_</name>
         <value>0x403c0</value>
         <object_component_ref idref="oc-138"/>
      </symbol>
      <symbol id="sm-584">
         <name>_readmsg</name>
         <value>0x267e5</value>
         <object_component_ref idref="oc-136"/>
      </symbol>
      <symbol id="sm-585">
         <name>_writemsg</name>
         <value>0x2614d</value>
         <object_component_ref idref="oc-139"/>
      </symbol>
      <symbol id="sm-58d">
         <name>__remu</name>
         <value>0x26d6d</value>
         <object_component_ref idref="oc-13c"/>
      </symbol>
      <symbol id="sm-58e">
         <name>__divu</name>
         <value>0x26d58</value>
         <object_component_ref idref="oc-13c"/>
      </symbol>
      <symbol id="sm-58f">
         <name>I$$UMOD</name>
         <value>0x26d6d</value>
         <object_component_ref idref="oc-13c"/>
      </symbol>
      <symbol id="sm-590">
         <name>I$$UDIV</name>
         <value>0x26d58</value>
         <object_component_ref idref="oc-13c"/>
      </symbol>
      <symbol id="sm-59a">
         <name>__rd_ok</name>
         <value>0x260f0</value>
         <object_component_ref idref="oc-140"/>
      </symbol>
      <symbol id="sm-59b">
         <name>__wrt_ok</name>
         <value>0x26073</value>
         <object_component_ref idref="oc-140"/>
      </symbol>
      <symbol id="sm-5a5">
         <name>__divli</name>
         <value>0x26c05</value>
         <object_component_ref idref="oc-144"/>
      </symbol>
      <symbol id="sm-5af">
         <name>__doflush</name>
         <value>0x262c8</value>
         <object_component_ref idref="oc-148"/>
      </symbol>
      <symbol id="sm-5b0">
         <name>_fflush</name>
         <value>0x2632a</value>
         <object_component_ref idref="oc-148"/>
      </symbol>
      <symbol id="sm-5ba">
         <name>_fseek</name>
         <value>0x26850</value>
         <object_component_ref idref="oc-14c"/>
      </symbol>
      <symbol id="sm-5c4">
         <name>_setvbuf</name>
         <value>0x25ea2</value>
         <object_component_ref idref="oc-150"/>
      </symbol>
      <symbol id="sm-5d3">
         <name>__cleanup</name>
         <value>0x2455f</value>
         <object_component_ref idref="oc-154"/>
      </symbol>
      <symbol id="sm-5d4">
         <name>_fopen</name>
         <value>0x2467d</value>
         <object_component_ref idref="oc-154"/>
      </symbol>
      <symbol id="sm-5d5">
         <name>_freopen</name>
         <value>0x245b7</value>
         <object_component_ref idref="oc-154"/>
      </symbol>
      <symbol id="sm-5e5">
         <name>__sys_memory</name>
         <value>0x604c</value>
         <object_component_ref idref="oc-15e"/>
      </symbol>
      <symbol id="sm-5e6">
         <name>_chkheap</name>
         <value>0x22d52</value>
         <object_component_ref idref="oc-15a"/>
      </symbol>
      <symbol id="sm-5e7">
         <name>_realloc</name>
         <value>0x22ab8</value>
         <object_component_ref idref="oc-15a"/>
      </symbol>
      <symbol id="sm-5e8">
         <name>_free_memory</name>
         <value>0x22ceb</value>
         <object_component_ref idref="oc-15a"/>
      </symbol>
      <symbol id="sm-5e9">
         <name>_max_free</name>
         <value>0x22c81</value>
         <object_component_ref idref="oc-15a"/>
      </symbol>
      <symbol id="sm-5ea">
         <name>_free</name>
         <value>0x22873</value>
         <object_component_ref idref="oc-15a"/>
      </symbol>
      <symbol id="sm-5eb">
         <name>_calloc</name>
         <value>0x22d5a</value>
         <object_component_ref idref="oc-15a"/>
      </symbol>
      <symbol id="sm-5ec">
         <name>_malloc</name>
         <value>0x229b7</value>
         <object_component_ref idref="oc-15a"/>
      </symbol>
      <symbol id="sm-5ed">
         <name>_minit</name>
         <value>0x22945</value>
         <object_component_ref idref="oc-15a"/>
      </symbol>
      <symbol id="sm-5f7">
         <name>_fclose</name>
         <value>0x2653d</value>
         <object_component_ref idref="oc-161"/>
      </symbol>
      <symbol id="sm-601">
         <name>_remove</name>
         <value>0x26e2f</value>
         <object_component_ref idref="oc-165"/>
      </symbol>
   </symbol_table>
</link_info>
